Archive member included to satisfy reference by file (symbol)

/Users/dorivaldojunior/.pico-sdk/toolchain/13_3_Rel1/bin/../lib/gcc/arm-none-eabi/13.3.1/thumb/v6-m/nofp/libgcc.a(_dvmd_tls.o)
                              CMakeFiles/atv.dir/Users/dorivaldojunior/.pico-sdk/sdk/2.1.0/src/rp2_common/pico_divider/divider_hardware.S.o (__aeabi_idiv0)
/Users/dorivaldojunior/.pico-sdk/toolchain/13_3_Rel1/bin/../lib/gcc/arm-none-eabi/13.3.1/../../../../arm-none-eabi/lib/thumb/v6-m/nofp/libg.a(libc_a-calloc.o)
                              CMakeFiles/atv.dir/Users/dorivaldojunior/.pico-sdk/sdk/2.1.0/src/rp2_common/pico_malloc/malloc.c.o (calloc)
/Users/dorivaldojunior/.pico-sdk/toolchain/13_3_Rel1/bin/../lib/gcc/arm-none-eabi/13.3.1/../../../../arm-none-eabi/lib/thumb/v6-m/nofp/libg.a(libc_a-callocr.o)
                              /Users/dorivaldojunior/.pico-sdk/toolchain/13_3_Rel1/bin/../lib/gcc/arm-none-eabi/13.3.1/../../../../arm-none-eabi/lib/thumb/v6-m/nofp/libg.a(libc_a-calloc.o) (_calloc_r)
/Users/dorivaldojunior/.pico-sdk/toolchain/13_3_Rel1/bin/../lib/gcc/arm-none-eabi/13.3.1/../../../../arm-none-eabi/lib/thumb/v6-m/nofp/libg.a(libc_a-malloc.o)
                              CMakeFiles/atv.dir/Users/dorivaldojunior/.pico-sdk/sdk/2.1.0/src/rp2_common/pico_malloc/malloc.c.o (malloc)
/Users/dorivaldojunior/.pico-sdk/toolchain/13_3_Rel1/bin/../lib/gcc/arm-none-eabi/13.3.1/../../../../arm-none-eabi/lib/thumb/v6-m/nofp/libg.a(libc_a-mallocr.o)
                              /Users/dorivaldojunior/.pico-sdk/toolchain/13_3_Rel1/bin/../lib/gcc/arm-none-eabi/13.3.1/../../../../arm-none-eabi/lib/thumb/v6-m/nofp/libg.a(libc_a-callocr.o) (_malloc_r)
/Users/dorivaldojunior/.pico-sdk/toolchain/13_3_Rel1/bin/../lib/gcc/arm-none-eabi/13.3.1/../../../../arm-none-eabi/lib/thumb/v6-m/nofp/libg.a(libc_a-mlock.o)
                              /Users/dorivaldojunior/.pico-sdk/toolchain/13_3_Rel1/bin/../lib/gcc/arm-none-eabi/13.3.1/../../../../arm-none-eabi/lib/thumb/v6-m/nofp/libg.a(libc_a-mallocr.o) (__malloc_lock)
/Users/dorivaldojunior/.pico-sdk/toolchain/13_3_Rel1/bin/../lib/gcc/arm-none-eabi/13.3.1/../../../../arm-none-eabi/lib/thumb/v6-m/nofp/libg.a(libc_a-realloc.o)
                              CMakeFiles/atv.dir/Users/dorivaldojunior/.pico-sdk/sdk/2.1.0/src/rp2_common/pico_malloc/malloc.c.o (realloc)
/Users/dorivaldojunior/.pico-sdk/toolchain/13_3_Rel1/bin/../lib/gcc/arm-none-eabi/13.3.1/../../../../arm-none-eabi/lib/thumb/v6-m/nofp/libg.a(libc_a-reallocr.o)
                              /Users/dorivaldojunior/.pico-sdk/toolchain/13_3_Rel1/bin/../lib/gcc/arm-none-eabi/13.3.1/../../../../arm-none-eabi/lib/thumb/v6-m/nofp/libg.a(libc_a-realloc.o) (_realloc_r)
/Users/dorivaldojunior/.pico-sdk/toolchain/13_3_Rel1/bin/../lib/gcc/arm-none-eabi/13.3.1/../../../../arm-none-eabi/lib/thumb/v6-m/nofp/libg.a(libc_a-memcmp.o)
                              CMakeFiles/atv.dir/Users/dorivaldojunior/.pico-sdk/sdk/2.1.0/src/rp2_common/pico_atomic/atomic.c.o (memcmp)
/Users/dorivaldojunior/.pico-sdk/toolchain/13_3_Rel1/bin/../lib/gcc/arm-none-eabi/13.3.1/../../../../arm-none-eabi/lib/thumb/v6-m/nofp/libg.a(libc_a-memmove.o)
                              /Users/dorivaldojunior/.pico-sdk/toolchain/13_3_Rel1/bin/../lib/gcc/arm-none-eabi/13.3.1/../../../../arm-none-eabi/lib/thumb/v6-m/nofp/libg.a(libc_a-reallocr.o) (memmove)
/Users/dorivaldojunior/.pico-sdk/toolchain/13_3_Rel1/bin/../lib/gcc/arm-none-eabi/13.3.1/../../../../arm-none-eabi/lib/thumb/v6-m/nofp/libg.a(libc_a-lcltime_r.o)
                              CMakeFiles/atv.dir/Users/dorivaldojunior/.pico-sdk/sdk/2.1.0/src/common/pico_util/datetime.c.o (localtime_r)
/Users/dorivaldojunior/.pico-sdk/toolchain/13_3_Rel1/bin/../lib/gcc/arm-none-eabi/13.3.1/../../../../arm-none-eabi/lib/thumb/v6-m/nofp/libg.a(libc_a-mktime.o)
                              CMakeFiles/atv.dir/Users/dorivaldojunior/.pico-sdk/sdk/2.1.0/src/common/pico_util/datetime.c.o (mktime)
/Users/dorivaldojunior/.pico-sdk/toolchain/13_3_Rel1/bin/../lib/gcc/arm-none-eabi/13.3.1/../../../../arm-none-eabi/lib/thumb/v6-m/nofp/libg.a(libc_a-month_lengths.o)
                              /Users/dorivaldojunior/.pico-sdk/toolchain/13_3_Rel1/bin/../lib/gcc/arm-none-eabi/13.3.1/../../../../arm-none-eabi/lib/thumb/v6-m/nofp/libg.a(libc_a-lcltime_r.o) (__month_lengths)
/Users/dorivaldojunior/.pico-sdk/toolchain/13_3_Rel1/bin/../lib/gcc/arm-none-eabi/13.3.1/../../../../arm-none-eabi/lib/thumb/v6-m/nofp/libg.a(libc_a-tzcalc_limits.o)
                              /Users/dorivaldojunior/.pico-sdk/toolchain/13_3_Rel1/bin/../lib/gcc/arm-none-eabi/13.3.1/../../../../arm-none-eabi/lib/thumb/v6-m/nofp/libg.a(libc_a-lcltime_r.o) (__tzcalc_limits)
/Users/dorivaldojunior/.pico-sdk/toolchain/13_3_Rel1/bin/../lib/gcc/arm-none-eabi/13.3.1/../../../../arm-none-eabi/lib/thumb/v6-m/nofp/libg.a(libc_a-tzlock.o)
[...]
Memory Configuration

Name             Origin             Length             Attributes
FLASH            0x10000000         0x00200000         xr
RAM              0x20000000         0x00040000         xrw
SCRATCH_X        0x20040000         0x00001000         xrw
SCRATCH_Y        0x20041000         0x00001000         xrw
*default*        0x00000000         0xffffffff

Linker script and memory map

LOAD /Users/dorivaldojunior/.pico-sdk/toolchain/13_3_Rel1/bin/../lib/gcc/arm-none-eabi/13.3.1/thumb/v6-m/nofp/crti.o
LOAD /Users/dorivaldojunior/.pico-sdk/toolchain/13_3_Rel1/bin/../lib/gcc/arm-none-eabi/13.3.1/thumb/v6-m/nofp/crtbegin.o
LOAD /Users/dorivaldojunior/.pico-sdk/toolchain/13_3_Rel1/bin/../lib/gcc/arm-none-eabi/13.3.1/../../../../arm-none-eabi/lib/thumb/v6-m/nofp/crt0.o

.flash_begin    0x10000000        0x0
                0x10000000                        __flash_binary_start = .

.boot2          0x10000000      0x100
                0x10000000                        __boot2_start__ = .
 *(.boot2)
 .boot2         0x10000000      0x100 pico-sdk/src/rp2040/boot_stage2/CMakeFiles/bs2_default_library.dir/./bs2_default_padded_checksummed.S.o
                0x10000100                        __boot2_end__ = .
                0x00000001                        ASSERT (((__boot2_end__ - __boot2_start__) == 0x100), ERROR: Pico second stage bootloader must be 256 bytes in size)

.text           0x10000100     0x534c
                0x10000100                        __logical_binary_start = .
 *(.vectors)
 .vectors       0x10000100       0xd4 CMakeFiles/atv.dir/Users/dorivaldojunior/.pico-sdk/sdk/2.1.0/src/rp2_common/pico_crt0/crt0.S.o
                0x10000100                __VECTOR_TABLE
                0x10000100                __vectors
                0x100001c0                __default_isrs_start
                0x100001c0                isr_invalid
                0x100001c2                isr_nmi
                0x100001c4                isr_hardfault
                0x100001c6                isr_svcall
                0x100001c8                isr_pendsv
                0x100001ca                isr_systick
                0x100001cc                isr_irq28
                0x100001cc                isr_irq19
                0x100001cc                isr_irq0
                0x100001cc                isr_irq6
                0x100001cc                isr_irq22
                0x100001cc                isr_irq17
                0x100001cc                isr_irq14
                0x100001cc                isr_irq2
                0x100001cc                isr_irq10
                0x100001cc                isr_irq8
                0x100001cc                isr_irq24
                0x100001cc                isr_irq1
                0x100001cc                isr_irq7
                0x100001cc                isr_irq21
                0x100001cc                isr_irq20
                0x100001cc                isr_irq15
                0x100001cc                isr_irq25
                0x100001cc                isr_irq4
                0x100001cc                isr_irq16
                0x100001cc                isr_irq29
                0x100001cc                isr_irq26
                0x100001cc                __default_isrs_end
                0x100001cc                isr_irq3
                0x100001cc                isr_irq9
                0x100001cc                __unhandled_user_irq
                0x100001cc                isr_irq13
                0x100001cc                isr_irq27
                0x100001cc                isr_irq31
                0x100001cc                isr_irq5
                0x100001cc                isr_irq11
                0x100001cc                isr_irq23
                0x100001cc                isr_irq18
                0x100001cc                isr_irq30
                0x100001cc                isr_irq12
                0x100001d2                unhandled_user_irq_num_in_r0
 *(.binary_info_header)
 .binary_info_header
                0x100001d4       0x14 CMakeFiles/atv.dir/Users/dorivaldojunior/.pico-sdk/sdk/2.1.0/src/rp2_common/pico_crt0/crt0.S.o
                0x100001e8                        __binary_info_header_end = .
 *(.embedded_block)
                0x100001e8                        __embedded_block_end = .
 *(.reset)
 .reset         0x100001e8       0x9c CMakeFiles/atv.dir/Users/dorivaldojunior/.pico-sdk/sdk/2.1.0/src/rp2_common/pico_crt0/crt0.S.o
                0x100001e8                _entry_point
 *(.init)
 .init          0x10000284        0x4 /Users/dorivaldojunior/.pico-sdk/toolchain/13_3_Rel1/bin/../lib/gcc/arm-none-eabi/13.3.1/thumb/v6-m/nofp/crti.o
                0x10000284                _init
 *(EXCLUDE_FILE(*libm.a: *libc.a:*lib_a-mem*.o *libgcc.a:) .text*)
 .text.register_tm_clones
                0x10000288       0x28 /Users/dorivaldojunior/.pico-sdk/toolchain/13_3_Rel1/bin/../lib/gcc/arm-none-eabi/13.3.1/thumb/v6-m/nofp/crtbegin.o
 .text.frame_dummy
                0x100002b0       0x24 /Users/dorivaldojunior/.pico-sdk/toolchain/13_3_Rel1/bin/../lib/gcc/arm-none-eabi/13.3.1/thumb/v6-m/nofp/crtbegin.o
 .text.gpio_irq_handler
                0x100002d4       0xe0 CMakeFiles/atv.dir/atv.c.o
                0x100002d4                gpio_irq_handler
 .text.startup.main
                0x100003b4      0x170 CMakeFiles/atv.dir/atv.c.o
                0x100003b4                main
 .text.gpio_default_irq_handler
                0x10000524      0x274 CMakeFiles/atv.dir/Users/dorivaldojunior/.pico-sdk/sdk/2.1.0/src/rp2_common/hardware_gpio/gpio.c.o
 .text.gpio_set_function
                0x10000798       0x34 CMakeFiles/atv.dir/Users/dorivaldojunior/.pico-sdk/sdk/2.1.0/src/rp2_common/hardware_gpio/gpio.c.o
                0x10000798                gpio_set_function
 .text.gpio_set_pulls
                0x100007cc       0x28 CMakeFiles/atv.dir/Users/dorivaldojunior/.pico-sdk/sdk/2.1.0/src/rp2_common/hardware_gpio/gpio.c.o
                0x100007cc                gpio_set_pulls
 .text.gpio_set_irq_enabled_with_callback
                0x100007f4       0xd0 CMakeFiles/atv.dir/Users/dorivaldojunior/.pico-sdk/sdk/2.1.0/src/rp2_common/hardware_gpio/gpio.c.o
                0x100007f4                gpio_set_irq_enabled_with_callback
 .text.gpio_init
                0x100008c4       0x40 CMakeFiles/atv.dir/Users/dorivaldojunior/.pico-sdk/sdk/2.1.0/src/rp2_common/hardware_gpio/gpio.c.o
                0x100008c4                gpio_init
 .text.rp2040_chip_version
                0x10000904        0xc CMakeFiles/atv.dir/Users/dorivaldojunior/.pico-sdk/sdk/2.1.0/src/rp2040/pico_platform/platform.c.o
                0x10000904                rp2040_chip_version
 .text.panic    0x10000910       0x30 CMakeFiles/atv.dir/Users/dorivaldojunior/.pico-sdk/sdk/2.1.0/src/rp2_common/pico_platform_panic/panic.c.o
                0x10000910                panic
 .text.hw_claim_lock
                0x10000940       0x18 CMakeFiles/atv.dir/Users/dorivaldojunior/.pico-sdk/sdk/2.1.0/src/common/hardware_claim/claim.c.o
                0x10000940                hw_claim_lock
 .text.hw_claim_unlock
                0x10000958       0x14 CMakeFiles/atv.dir/Users/dorivaldojunior/.pico-sdk/sdk/2.1.0/src/common/hardware_claim/claim.c.o
                0x10000958                hw_claim_unlock
 .text.hw_claim_or_assert
                0x1000096c       0x44 CMakeFiles/atv.dir/Users/dorivaldojunior/.pico-sdk/sdk/2.1.0/src/common/hardware_claim/claim.c.o
                0x1000096c                hw_claim_or_assert
 .text.hw_claim_unused_from_range
                0x100009b0       0x9c CMakeFiles/atv.dir/Users/dorivaldojunior/.pico-sdk/sdk/2.1.0/src/common/hardware_claim/claim.c.o
                0x100009b0                hw_claim_unused_from_range
 .text.next_striped_spin_lock_num
                0x10000a4c       0x18 CMakeFiles/atv.dir/Users/dorivaldojunior/.pico-sdk/sdk/2.1.0/src/rp2_common/hardware_sync/sync.c.o
                0x10000a4c                next_striped_spin_lock_num
 .text.spin_lock_claim_unused
                0x10000a64       0x24 CMakeFiles/atv.dir/Users/dorivaldojunior/.pico-sdk/sdk/2.1.0/src/rp2_common/hardware_sync/sync.c.o
                0x10000a64                spin_lock_claim_unused
 .text.spin_locks_reset
                0x10000a88       0x1c CMakeFiles/atv.dir/Users/dorivaldojunior/.pico-sdk/sdk/2.1.0/src/rp2_common/hardware_sync_spin_lock/sync_spin_lock.c.o
                0x10000a88                spin_locks_reset
 .text.runtime_init_per_core_irq_priorities
                0x10000aa4       0x24 CMakeFiles/atv.dir/Users/dorivaldojunior/.pico-sdk/sdk/2.1.0/src/rp2_common/hardware_irq/irq.c.o
                0x10000aa4                runtime_init_per_core_irq_priorities
 .text.irq_set_enabled
                0x10000ac8       0x24 CMakeFiles/atv.dir/Users/dorivaldojunior/.pico-sdk/sdk/2.1.0/src/rp2_common/hardware_irq/irq.c.o
                0x10000ac8                irq_set_enabled
 .text.irq_is_enabled
                0x10000aec       0x18 CMakeFiles/atv.dir/Users/dorivaldojunior/.pico-sdk/sdk/2.1.0/src/rp2_common/hardware_irq/irq.c.o
                0x10000aec                irq_is_enabled
 .text.irq_set_pending
                0x10000b04       0x10 CMakeFiles/atv.dir/Users/dorivaldojunior/.pico-sdk/sdk/2.1.0/src/rp2_common/hardware_irq/irq.c.o
                0x10000b04                irq_set_pending
 .text.irq_has_shared_handler
                0x10000b14       0x2c CMakeFiles/atv.dir/Users/dorivaldojunior/.pico-sdk/sdk/2.1.0/src/rp2_common/hardware_irq/irq.c.o
                0x10000b14                irq_has_shared_handler
 .text.irq_set_exclusive_handler
                0x10000b40       0x54 CMakeFiles/atv.dir/Users/dorivaldojunior/.pico-sdk/sdk/2.1.0/src/rp2_common/hardware_irq/irq.c.o
                0x10000b40                irq_set_exclusive_handler
 .text.irq_add_shared_handler
                0x10000b94      0x1f4 CMakeFiles/atv.dir/Users/dorivaldojunior/.pico-sdk/sdk/2.1.0/src/rp2_common/hardware_irq/irq.c.o
                0x10000b94                irq_add_shared_handler
 .text.irq_remove_handler
                0x10000d88      0x1d4 CMakeFiles/atv.dir/Users/dorivaldojunior/.pico-sdk/sdk/2.1.0/src/rp2_common/hardware_irq/irq.c.o
                0x10000d88                irq_remove_handler
 .text.irq_add_tail_to_free_list
                0x10000f5c       0xb4 CMakeFiles/atv.dir/Users/dorivaldojunior/.pico-sdk/sdk/2.1.0/src/rp2_common/hardware_irq/irq.c.o
                0x10000f5c                irq_add_tail_to_free_list
 .text.user_irq_claim_unused
                0x10001010       0x2c CMakeFiles/atv.dir/Users/dorivaldojunior/.pico-sdk/sdk/2.1.0/src/rp2_common/hardware_irq/irq.c.o
                0x10001010                user_irq_claim_unused
 .text.lock_init
                0x1000103c       0x10 CMakeFiles/atv.dir/Users/dorivaldojunior/.pico-sdk/sdk/2.1.0/src/common/pico_sync/lock_core.c.o
                0x1000103c                lock_init
 .text.runtime_init_mutex
                0x1000104c       0x50 CMakeFiles/atv.dir/Users/dorivaldojunior/.pico-sdk/sdk/2.1.0/src/common/pico_sync/mutex.c.o
                0x1000104c                runtime_init_mutex
 .text.mutex_init
                0x1000109c       0x1c CMakeFiles/atv.dir/Users/dorivaldojunior/.pico-sdk/sdk/2.1.0/src/common/pico_sync/mutex.c.o
                0x1000109c                mutex_init
 .text.critical_section_init
                0x100010b8       0x1c CMakeFiles/atv.dir/Users/dorivaldojunior/.pico-sdk/sdk/2.1.0/src/common/pico_sync/critical_section.c.o
                0x100010b8                critical_section_init
 .text.critical_section_init_with_lock_num
                0x100010d4       0x14 CMakeFiles/atv.dir/Users/dorivaldojunior/.pico-sdk/sdk/2.1.0/src/common/pico_sync/critical_section.c.o
                0x100010d4                critical_section_init_with_lock_num
 .text.sleep_until_callback
                0x100010e8       0x30 CMakeFiles/atv.dir/Users/dorivaldojunior/.pico-sdk/sdk/2.1.0/src/common/pico_time/time.c.o
 .text.alarm_pool_irq_handler
                0x10001118      0x2fc CMakeFiles/atv.dir/Users/dorivaldojunior/.pico-sdk/sdk/2.1.0/src/common/pico_time/time.c.o
 .text.runtime_init_default_alarm_pool
                0x10001414       0xdc CMakeFiles/atv.dir/Users/dorivaldojunior/.pico-sdk/sdk/2.1.0/src/common/pico_time/time.c.o
                0x10001414                runtime_init_default_alarm_pool
 .text.alarm_pool_get_default
                0x100014f0        0x8 CMakeFiles/atv.dir/Users/dorivaldojunior/.pico-sdk/sdk/2.1.0/src/common/pico_time/time.c.o
                0x100014f0                alarm_pool_get_default
 .text.alarm_pool_add_alarm_at
                0x100014f8       0xd4 CMakeFiles/atv.dir/Users/dorivaldojunior/.pico-sdk/sdk/2.1.0/src/common/pico_time/time.c.o
                0x100014f8                alarm_pool_add_alarm_at
 .text.alarm_pool_add_alarm_at_force_in_context
                0x100015cc       0xb0 CMakeFiles/atv.dir/Users/dorivaldojunior/.pico-sdk/sdk/2.1.0/src/common/pico_time/time.c.o
                0x100015cc                alarm_pool_add_alarm_at_force_in_context
 .text.alarm_pool_cancel_alarm
                0x1000167c       0x74 CMakeFiles/atv.dir/Users/dorivaldojunior/.pico-sdk/sdk/2.1.0/src/common/pico_time/time.c.o
                0x1000167c                alarm_pool_cancel_alarm
 .text.alarm_pool_core_num
                0x100016f0        0x4 CMakeFiles/atv.dir/Users/dorivaldojunior/.pico-sdk/sdk/2.1.0/src/common/pico_time/time.c.o
                0x100016f0                alarm_pool_core_num
 .text.sleep_until
                0x100016f4       0xd8 CMakeFiles/atv.dir/Users/dorivaldojunior/.pico-sdk/sdk/2.1.0/src/common/pico_time/time.c.o
                0x100016f4                sleep_until
 .text.sleep_ms
                0x100017cc       0x38 CMakeFiles/atv.dir/Users/dorivaldojunior/.pico-sdk/sdk/2.1.0/src/common/pico_time/time.c.o
                0x100017cc                sleep_ms
 .text.best_effort_wfe_or_timeout
                0x10001804       0xe0 CMakeFiles/atv.dir/Users/dorivaldojunior/.pico-sdk/sdk/2.1.0/src/common/pico_time/time.c.o
                0x10001804                best_effort_wfe_or_timeout
 .text.timer_hardware_alarm_claim
                0x100018e4       0x14 CMakeFiles/atv.dir/Users/dorivaldojunior/.pico-sdk/sdk/2.1.0/src/rp2_common/hardware_timer/timer.c.o
                0x100018e4                timer_hardware_alarm_claim
 .text.timer_time_us_64
                0x100018f8       0x10 CMakeFiles/atv.dir/Users/dorivaldojunior/.pico-sdk/sdk/2.1.0/src/rp2_common/hardware_timer/timer.c.o
                0x100018f8                timer_time_us_64
 .text.time_us_64
                0x10001908       0x14 CMakeFiles/atv.dir/Users/dorivaldojunior/.pico-sdk/sdk/2.1.0/src/rp2_common/hardware_timer/timer.c.o
                0x10001908                time_us_64
 .text.busy_wait_us
                0x1000191c       0x68 CMakeFiles/atv.dir/Users/dorivaldojunior/.pico-sdk/sdk/2.1.0/src/rp2_common/hardware_timer/timer.c.o
                0x1000191c                busy_wait_us
 .text.busy_wait_until
                0x10001984       0x20 CMakeFiles/atv.dir/Users/dorivaldojunior/.pico-sdk/sdk/2.1.0/src/rp2_common/hardware_timer/timer.c.o
                0x10001984                busy_wait_until
 .text.uart_init
                0x100019a4      0x120 CMakeFiles/atv.dir/Users/dorivaldojunior/.pico-sdk/sdk/2.1.0/src/rp2_common/hardware_uart/uart.c.o
                0x100019a4                uart_init
 .text.clock_configure_int_divider
                0x10001ac4       0xf4 CMakeFiles/atv.dir/Users/dorivaldojunior/.pico-sdk/sdk/2.1.0/src/rp2_common/hardware_clocks/clocks.c.o
                0x10001ac4                clock_configure_int_divider
 .text.clock_configure_undivided
                0x10001bb8       0xe8 CMakeFiles/atv.dir/Users/dorivaldojunior/.pico-sdk/sdk/2.1.0/src/rp2_common/hardware_clocks/clocks.c.o
                0x10001bb8                clock_configure_undivided
 .text.clock_get_hz
                0x10001ca0        0xc CMakeFiles/atv.dir/Users/dorivaldojunior/.pico-sdk/sdk/2.1.0/src/rp2_common/hardware_clocks/clocks.c.o
                0x10001ca0                clock_get_hz
 .text.pll_init
                0x10001cac       0xa4 CMakeFiles/atv.dir/Users/dorivaldojunior/.pico-sdk/sdk/2.1.0/src/rp2_common/hardware_pll/pll.c.o
                0x10001cac                pll_init
 .text.watchdog_reboot
                0x10001d50       0x9c CMakeFiles/atv.dir/Users/dorivaldojunior/.pico-sdk/sdk/2.1.0/src/rp2_common/hardware_watchdog/watchdog.c.o
                0x10001d50                watchdog_reboot
 .text.tick_start
                0x10001dec       0x10 CMakeFiles/atv.dir/Users/dorivaldojunior/.pico-sdk/sdk/2.1.0/src/rp2_common/hardware_ticks/ticks.c.o
                0x10001dec                tick_start
 .text.rom_func_lookup
                0x10001dfc       0x10 CMakeFiles/atv.dir/Users/dorivaldojunior/.pico-sdk/sdk/2.1.0/src/rp2_common/pico_bootrom/bootrom.c.o
                0x10001dfc                rom_func_lookup
 .text.rom_data_lookup
                0x10001e0c       0x10 CMakeFiles/atv.dir/Users/dorivaldojunior/.pico-sdk/sdk/2.1.0/src/rp2_common/pico_bootrom/bootrom.c.o
                0x10001e0c                rom_data_lookup
 .text.rom_funcs_lookup
                0x10001e1c       0x44 CMakeFiles/atv.dir/Users/dorivaldojunior/.pico-sdk/sdk/2.1.0/src/rp2_common/pico_bootrom/bootrom.c.o
                0x10001e1c                rom_funcs_lookup
 .text.rom_reset_usb_boot_extra
                0x10001e60       0x28 CMakeFiles/atv.dir/Users/dorivaldojunior/.pico-sdk/sdk/2.1.0/src/rp2_common/pico_bootrom/bootrom.c.o
                0x10001e60                rom_reset_usb_boot_extra
 .text.xosc_init
                0x10001e88       0x28 CMakeFiles/atv.dir/Users/dorivaldojunior/.pico-sdk/sdk/2.1.0/src/rp2_common/hardware_xosc/xosc.c.o
                0x10001e88                xosc_init
 .text.first_per_core_initializer
                0x10001eb0        0x4 CMakeFiles/atv.dir/Users/dorivaldojunior/.pico-sdk/sdk/2.1.0/src/rp2_common/pico_runtime/runtime.c.o
 .text.hard_assertion_failure
                0x10001eb4        0xc CMakeFiles/atv.dir/Users/dorivaldojunior/.pico-sdk/sdk/2.1.0/src/rp2_common/pico_runtime/runtime.c.o
                0x10001eb4                hard_assertion_failure
 .text.runtime_run_initializers
                0x10001ec0       0x28 CMakeFiles/atv.dir/Users/dorivaldojunior/.pico-sdk/sdk/2.1.0/src/rp2_common/pico_runtime/runtime.c.o
                0x10001ec0                runtime_run_initializers
 .text.runtime_init_early_resets
                0x10001ee8       0x2c CMakeFiles/atv.dir/Users/dorivaldojunior/.pico-sdk/sdk/2.1.0/src/rp2_common/pico_runtime_init/runtime_init.c.o
                0x10001ee8                runtime_init_early_resets
 .text.runtime_init_usb_power_down
                0x10001f14       0x1c CMakeFiles/atv.dir/Users/dorivaldojunior/.pico-sdk/sdk/2.1.0/src/rp2_common/pico_runtime_init/runtime_init.c.o
                0x10001f14                runtime_init_usb_power_down
 .text.runtime_init_post_clock_resets
                0x10001f30       0x20 CMakeFiles/atv.dir/Users/dorivaldojunior/.pico-sdk/sdk/2.1.0/src/rp2_common/pico_runtime_init/runtime_init.c.o
                0x10001f30                runtime_init_post_clock_resets
 .text.runtime_init_rp2040_gpio_ie_disable
                0x10001f50       0x14 CMakeFiles/atv.dir/Users/dorivaldojunior/.pico-sdk/sdk/2.1.0/src/rp2_common/pico_runtime_init/runtime_init.c.o
                0x10001f50                runtime_init_rp2040_gpio_ie_disable
 .text.runtime_init_spin_locks_reset
                0x10001f64        0x8 CMakeFiles/atv.dir/Users/dorivaldojunior/.pico-sdk/sdk/2.1.0/src/rp2_common/pico_runtime_init/runtime_init.c.o
                0x10001f64                runtime_init_spin_locks_reset
 .text.runtime_init_install_ram_vector_table
                0x10001f6c       0x1c CMakeFiles/atv.dir/Users/dorivaldojunior/.pico-sdk/sdk/2.1.0/src/rp2_common/pico_runtime_init/runtime_init.c.o
                0x10001f6c                runtime_init_install_ram_vector_table
 .text.runtime_init_clocks
                0x10001f88       0xd8 CMakeFiles/atv.dir/Users/dorivaldojunior/.pico-sdk/sdk/2.1.0/src/rp2_common/pico_runtime_init/runtime_init_clocks.c.o
                0x10001f88                runtime_init_clocks
 .text          0x10002060       0x10 CMakeFiles/atv.dir/Users/dorivaldojunior/.pico-sdk/sdk/2.1.0/src/rp2_common/pico_bit_ops/bit_ops_aeabi.S.o
 .text.__wrap___aeabi_uidiv
                0x10002070       0x4c CMakeFiles/atv.dir/Users/dorivaldojunior/.pico-sdk/sdk/2.1.0/src/rp2_common/pico_divider/divider_hardware.S.o
                0x10002070                __wrap___aeabi_uidiv
                0x10002070                __wrap___aeabi_uidivmod
                0x10002070                div_u32u32
                0x10002070                divmod_u32u32
                0x10002078                divmod_u32u32_unsafe
                0x100020a0                divmod_u32u32_savestate
 .text.__wrap___aeabi_darithmetic
                0x100020bc       0x60 CMakeFiles/atv.dir/Users/dorivaldojunior/.pico-sdk/sdk/2.1.0/src/rp2_common/pico_double/double_aeabi_rp2040.S.o
                0x100020bc                __wrap___aeabi_drsub
                0x100020c2                __wrap___aeabi_dsub
                0x100020cc                __wrap___aeabi_dadd
                0x100020d6                __wrap___aeabi_ddiv
                0x1000210a                __wrap___aeabi_dmul
 .text.__wrap___aeabi_i2d
                0x1000211c       0x38 CMakeFiles/atv.dir/Users/dorivaldojunior/.pico-sdk/sdk/2.1.0/src/rp2_common/pico_double/double_aeabi_rp2040.S.o
                0x1000211c                __wrap___aeabi_ui2d
                0x10002124                __wrap___aeabi_i2d
 .text.__wrap___aeabi_d2uiz
                0x10002154       0x10 CMakeFiles/atv.dir/Users/dorivaldojunior/.pico-sdk/sdk/2.1.0/src/rp2_common/pico_double/double_aeabi_rp2040.S.o
                0x10002154                double2uint
                0x10002154                __wrap___aeabi_d2uiz
 .text.__wrap___aeabi_d2f
                0x10002164       0x10 CMakeFiles/atv.dir/Users/dorivaldojunior/.pico-sdk/sdk/2.1.0/src/rp2_common/pico_double/double_aeabi_rp2040.S.o
                0x10002164                __wrap___aeabi_d2f
 .text.missing_double_func_shim
                0x10002174        0xc CMakeFiles/atv.dir/Users/dorivaldojunior/.pico-sdk/sdk/2.1.0/src/rp2_common/pico_double/double_init_rom_rp2040.c.o
 .text.__aeabi_double_init
                0x10002180       0xa0 CMakeFiles/atv.dir/Users/dorivaldojunior/.pico-sdk/sdk/2.1.0/src/rp2_common/pico_double/double_init_rom_rp2040.c.o
                0x10002180                __aeabi_double_init
 .text.double_table_shim_on_use_helper
                0x10002220       0x2c CMakeFiles/atv.dir/Users/dorivaldojunior/.pico-sdk/sdk/2.1.0/src/rp2_common/pico_double/double_v1_rom_shim_rp2040.S.o
                0x10002220                double_table_shim_on_use_helper
 .text.__aeabi_lmul
                0x1000224c       0x32 CMakeFiles/atv.dir/Users/dorivaldojunior/.pico-sdk/sdk/2.1.0/src/rp2_common/pico_int64_ops/pico_int64_ops_aeabi.S.o
                0x1000224c                __wrap___aeabi_lmul
 *fill*         0x1000227e        0x2 
 .text.__wrap___aeabi_farithmetic
                0x10002280       0x48 CMakeFiles/atv.dir/Users/dorivaldojunior/.pico-sdk/sdk/2.1.0/src/rp2_common/pico_float/float_aeabi_rp2040.S.o
                0x10002280                __wrap___aeabi_frsub
                0x10002286                __wrap___aeabi_fsub
                0x1000228c                __wrap___aeabi_fadd
                0x10002292                __wrap___aeabi_fdiv
                0x100022ba                __wrap___aeabi_fmul
 .text.__wrap___aeabi_ui2f
                0x100022c8        0xa CMakeFiles/atv.dir/Users/dorivaldojunior/.pico-sdk/sdk/2.1.0/src/rp2_common/pico_float/float_aeabi_rp2040.S.o
                0x100022c8                uint2float
                0x100022c8                __wrap___aeabi_ui2f
 *fill*         0x100022d2        0x2 
 .text.__wrap___aeabi_i2f
                0x100022d4       0x44 CMakeFiles/atv.dir/Users/dorivaldojunior/.pico-sdk/sdk/2.1.0/src/rp2_common/pico_float/float_aeabi_rp2040.S.o
                0x100022d4                int2float
                0x100022d4                __wrap___aeabi_i2f
 .text.__wrap___aeabi_f2uiz
                0x10002318        0xc CMakeFiles/atv.dir/Users/dorivaldojunior/.pico-sdk/sdk/2.1.0/src/rp2_common/pico_float/float_aeabi_rp2040.S.o
                0x10002318                float2uint_z
                0x10002318                __wrap___aeabi_f2uiz
 .text.missing_float_func_shim
                0x10002324        0xc CMakeFiles/atv.dir/Users/dorivaldojunior/.pico-sdk/sdk/2.1.0/src/rp2_common/pico_float/float_init_rom_rp2040.c.o
 .text.__aeabi_float_init
                0x10002330       0x5c CMakeFiles/atv.dir/Users/dorivaldojunior/.pico-sdk/sdk/2.1.0/src/rp2_common/pico_float/float_init_rom_rp2040.c.o
                0x10002330                __aeabi_float_init
 .text          0x1000238c       0x10 CMakeFiles/atv.dir/Users/dorivaldojunior/.pico-sdk/sdk/2.1.0/src/rp2_common/pico_mem_ops/mem_ops_aeabi.S.o
                0x1000238c                __aeabi_mem_init
 .text.memset   0x1000239c        0xc CMakeFiles/atv.dir/Users/dorivaldojunior/.pico-sdk/sdk/2.1.0/src/rp2_common/pico_mem_ops/mem_ops_aeabi.S.o
                0x1000239c                __wrap_memset
 .text.memcpy   0x100023a8        0xc CMakeFiles/atv.dir/Users/dorivaldojunior/.pico-sdk/sdk/2.1.0/src/rp2_common/pico_mem_ops/mem_ops_aeabi.S.o
                0x100023a8                __wrap___aeabi_memcpy
                0x100023a8                __wrap_memcpy
 .text._out_char
                0x100023b4       0x10 CMakeFiles/atv.dir/Users/dorivaldojunior/.pico-sdk/sdk/2.1.0/src/rp2_common/pico_printf/printf.c.o
 .text.weak_raw_vprintf
                0x100023c4       0x30 CMakeFiles/atv.dir/Users/dorivaldojunior/.pico-sdk/sdk/2.1.0/src/rp2_common/pico_printf/printf.c.o
                0x100023c4                weak_raw_vprintf
 .text._exit    0x100023f4        0x4 CMakeFiles/atv.dir/Users/dorivaldojunior/.pico-sdk/sdk/2.1.0/src/rp2_common/pico_clib_interface/newlib_interface.c.o
                0x100023f4                _exit
 .text.exit     0x100023f8        0x8 CMakeFiles/atv.dir/Users/dorivaldojunior/.pico-sdk/sdk/2.1.0/src/rp2_common/pico_clib_interface/newlib_interface.c.o
                0x100023f8                exit
 .text.runtime_init
                0x10002400       0x2c CMakeFiles/atv.dir/Users/dorivaldojunior/.pico-sdk/sdk/2.1.0/src/rp2_common/pico_clib_interface/newlib_interface.c.o
                0x10002400                runtime_init
 .text.stdio_out_chars_no_crlf
                0x1000242c       0x10 CMakeFiles/atv.dir/Users/dorivaldojunior/.pico-sdk/sdk/2.1.0/src/rp2_common/pico_stdio/stdio.c.o
 .text.stdio_out_chars_crlf
                0x1000243c       0x94 CMakeFiles/atv.dir/Users/dorivaldojunior/.pico-sdk/sdk/2.1.0/src/rp2_common/pico_stdio/stdio.c.o
 .text.stdio_put_string
                0x100024d0      0x100 CMakeFiles/atv.dir/Users/dorivaldojunior/.pico-sdk/sdk/2.1.0/src/rp2_common/pico_stdio/stdio.c.o
                0x100024d0                stdio_put_string
 .text.stdio_set_driver_enabled
                0x100025d0       0x30 CMakeFiles/atv.dir/Users/dorivaldojunior/.pico-sdk/sdk/2.1.0/src/rp2_common/pico_stdio/stdio.c.o
                0x100025d0                stdio_set_driver_enabled
 .text.stdio_init_all
                0x10002600       0x10 CMakeFiles/atv.dir/Users/dorivaldojunior/.pico-sdk/sdk/2.1.0/src/rp2_common/pico_stdio/stdio.c.o
                0x10002600                stdio_init_all
 .text.__wrap_putchar
                0x10002610       0x98 CMakeFiles/atv.dir/Users/dorivaldojunior/.pico-sdk/sdk/2.1.0/src/rp2_common/pico_stdio/stdio.c.o
                0x10002610                stdio_putchar
                0x10002610                __wrap_putchar
 .text.__wrap_puts
                0x100026a8       0x3c CMakeFiles/atv.dir/Users/dorivaldojunior/.pico-sdk/sdk/2.1.0/src/rp2_common/pico_stdio/stdio.c.o
                0x100026a8                __wrap_puts
                0x100026a8                stdio_puts
 .text.stdio_uart_out_chars
                0x100026e4       0x4c CMakeFiles/atv.dir/Users/dorivaldojunior/.pico-sdk/sdk/2.1.0/src/rp2_common/pico_stdio_uart/stdio_uart.c.o
 .text.stdio_uart_in_chars
                0x10002730       0x90 CMakeFiles/atv.dir/Users/dorivaldojunior/.pico-sdk/sdk/2.1.0/src/rp2_common/pico_stdio_uart/stdio_uart.c.o
                0x10002730                stdio_uart_in_chars
 .text.on_uart_rx
                0x100027c0       0x28 CMakeFiles/atv.dir/Users/dorivaldojunior/.pico-sdk/sdk/2.1.0/src/rp2_common/pico_stdio_uart/stdio_uart.c.o
 .text.stdio_uart_out_flush
                0x100027e8       0x14 CMakeFiles/atv.dir/Users/dorivaldojunior/.pico-sdk/sdk/2.1.0/src/rp2_common/pico_stdio_uart/stdio_uart.c.o
 .text.stdio_uart_set_chars_available_callback
                0x100027fc       0x84 CMakeFiles/atv.dir/Users/dorivaldojunior/.pico-sdk/sdk/2.1.0/src/rp2_common/pico_stdio_uart/stdio_uart.c.o
 .text.stdio_uart_init
                0x10002880       0x50 CMakeFiles/atv.dir/Users/dorivaldojunior/.pico-sdk/sdk/2.1.0/src/rp2_common/pico_stdio_uart/stdio_uart.c.o
                0x10002880                stdio_uart_init
 .text.resetd_init
                0x100028d0        0x4 CMakeFiles/atv.dir/Users/dorivaldojunior/.pico-sdk/sdk/2.1.0/src/rp2_common/pico_stdio_usb/reset_interface.c.o
 .text.resetd_reset
                0x100028d4        0xc CMakeFiles/atv.dir/Users/dorivaldojunior/.pico-sdk/sdk/2.1.0/src/rp2_common/pico_stdio_usb/reset_interface.c.o
 .text.resetd_open
                0x100028e0       0x28 CMakeFiles/atv.dir/Users/dorivaldojunior/.pico-sdk/sdk/2.1.0/src/rp2_common/pico_stdio_usb/reset_interface.c.o
 .text.resetd_xfer_cb
                0x10002908        0x4 CMakeFiles/atv.dir/Users/dorivaldojunior/.pico-sdk/sdk/2.1.0/src/rp2_common/pico_stdio_usb/reset_interface.c.o
 .text.resetd_control_xfer_cb
                0x1000290c       0x5c CMakeFiles/atv.dir/Users/dorivaldojunior/.pico-sdk/sdk/2.1.0/src/rp2_common/pico_stdio_usb/reset_interface.c.o
 .text.tud_descriptor_bos_cb
                0x10002968        0x8 CMakeFiles/atv.dir/Users/dorivaldojunior/.pico-sdk/sdk/2.1.0/src/rp2_common/pico_stdio_usb/reset_interface.c.o
                0x10002968                tud_descriptor_bos_cb
 .text.tud_vendor_control_xfer_cb
                0x10002970       0x34 CMakeFiles/atv.dir/Users/dorivaldojunior/.pico-sdk/sdk/2.1.0/src/rp2_common/pico_stdio_usb/reset_interface.c.o
                0x10002970                tud_vendor_control_xfer_cb
 .text.usbd_app_driver_get_cb
                0x100029a4        0xc CMakeFiles/atv.dir/Users/dorivaldojunior/.pico-sdk/sdk/2.1.0/src/rp2_common/pico_stdio_usb/reset_interface.c.o
                0x100029a4                usbd_app_driver_get_cb
 .text.tud_cdc_line_coding_cb
                0x100029b0       0x2c CMakeFiles/atv.dir/Users/dorivaldojunior/.pico-sdk/sdk/2.1.0/src/rp2_common/pico_stdio_usb/reset_interface.c.o
                0x100029b0                tud_cdc_line_coding_cb
 .text.stdio_usb_set_chars_available_callback
                0x100029dc       0x14 CMakeFiles/atv.dir/Users/dorivaldojunior/.pico-sdk/sdk/2.1.0/src/rp2_common/pico_stdio_usb/stdio_usb.c.o
                0x100029dc                stdio_usb_set_chars_available_callback
 .text.usb_irq  0x100029f0       0x10 CMakeFiles/atv.dir/Users/dorivaldojunior/.pico-sdk/sdk/2.1.0/src/rp2_common/pico_stdio_usb/stdio_usb.c.o
 .text.timer_task
                0x10002a00       0x64 CMakeFiles/atv.dir/Users/dorivaldojunior/.pico-sdk/sdk/2.1.0/src/rp2_common/pico_stdio_usb/stdio_usb.c.o
 .text.stdio_usb_in_chars
                0x10002a64       0x90 CMakeFiles/atv.dir/Users/dorivaldojunior/.pico-sdk/sdk/2.1.0/src/rp2_common/pico_stdio_usb/stdio_usb.c.o
                0x10002a64                stdio_usb_in_chars
 .text.stdio_usb_out_flush
                0x10002af4       0x50 CMakeFiles/atv.dir/Users/dorivaldojunior/.pico-sdk/sdk/2.1.0/src/rp2_common/pico_stdio_usb/stdio_usb.c.o
 .text.stdio_usb_out_chars
                0x10002b44      0x104 CMakeFiles/atv.dir/Users/dorivaldojunior/.pico-sdk/sdk/2.1.0/src/rp2_common/pico_stdio_usb/stdio_usb.c.o
 .text.low_priority_worker_irq
                0x10002c48       0xcc CMakeFiles/atv.dir/Users/dorivaldojunior/.pico-sdk/sdk/2.1.0/src/rp2_common/pico_stdio_usb/stdio_usb.c.o
 .text.stdio_usb_init
                0x10002d14       0xe8 CMakeFiles/atv.dir/Users/dorivaldojunior/.pico-sdk/sdk/2.1.0/src/rp2_common/pico_stdio_usb/stdio_usb.c.o
                0x10002d14                stdio_usb_init
 .text.tud_descriptor_device_cb
                0x10002dfc        0x8 CMakeFiles/atv.dir/Users/dorivaldojunior/.pico-sdk/sdk/2.1.0/src/rp2_common/pico_stdio_usb/stdio_usb_descriptors.c.o
                0x10002dfc                tud_descriptor_device_cb
 .text.tud_descriptor_configuration_cb
                0x10002e04        0x8 CMakeFiles/atv.dir/Users/dorivaldojunior/.pico-sdk/sdk/2.1.0/src/rp2_common/pico_stdio_usb/stdio_usb_descriptors.c.o
                0x10002e04                tud_descriptor_configuration_cb
 .text.tud_descriptor_string_cb
                0x10002e0c       0x78 CMakeFiles/atv.dir/Users/dorivaldojunior/.pico-sdk/sdk/2.1.0/src/rp2_common/pico_stdio_usb/stdio_usb_descriptors.c.o
                0x10002e0c                tud_descriptor_string_cb
 .text.startup._retrieve_unique_id_on_boot
                0x10002e84       0x10 CMakeFiles/atv.dir/Users/dorivaldojunior/.pico-sdk/sdk/2.1.0/src/rp2_common/pico_unique_id/unique_id.c.o
 .text.pico_get_unique_board_id_string
                0x10002e94      0x1a8 CMakeFiles/atv.dir/Users/dorivaldojunior/.pico-sdk/sdk/2.1.0/src/rp2_common/pico_unique_id/unique_id.c.o
                0x10002e94                pico_get_unique_board_id_string
 .text.flash_get_unique_id
                0x1000303c       0x3c CMakeFiles/atv.dir/Users/dorivaldojunior/.pico-sdk/sdk/2.1.0/src/rp2_common/hardware_flash/flash.c.o
                0x1000303c                flash_get_unique_id
 .text.dcd_init
                0x10003078       0x8c CMakeFiles/atv.dir/Users/dorivaldojunior/.pico-sdk/sdk/2.1.0/lib/tinyusb/src/portable/raspberrypi/rp2040/dcd_rp2040.c.o
                0x10003078                dcd_init
 .text.dcd_int_enable
                0x10003104        0xc CMakeFiles/atv.dir/Users/dorivaldojunior/.pico-sdk/sdk/2.1.0/lib/tinyusb/src/portable/raspberrypi/rp2040/dcd_rp2040.c.o
                0x10003104                dcd_int_enable
 .text.dcd_set_address
                0x10003110       0x14 CMakeFiles/atv.dir/Users/dorivaldojunior/.pico-sdk/sdk/2.1.0/lib/tinyusb/src/portable/raspberrypi/rp2040/dcd_rp2040.c.o
                0x10003110                dcd_set_address
 .text.dcd_sof_enable
                0x10003124       0x1c CMakeFiles/atv.dir/Users/dorivaldojunior/.pico-sdk/sdk/2.1.0/lib/tinyusb/src/portable/raspberrypi/rp2040/dcd_rp2040.c.o
                0x10003124                dcd_sof_enable
 .text.dcd_edpt0_status_complete
                0x10003140       0x1c CMakeFiles/atv.dir/Users/dorivaldojunior/.pico-sdk/sdk/2.1.0/lib/tinyusb/src/portable/raspberrypi/rp2040/dcd_rp2040.c.o
                0x10003140                dcd_edpt0_status_complete
 .text.dcd_edpt_open
                0x1000315c      0x108 CMakeFiles/atv.dir/Users/dorivaldojunior/.pico-sdk/sdk/2.1.0/lib/tinyusb/src/portable/raspberrypi/rp2040/dcd_rp2040.c.o
                0x1000315c                dcd_edpt_open
 .text.dcd_edpt_close_all
                0x10003264        0x8 CMakeFiles/atv.dir/Users/dorivaldojunior/.pico-sdk/sdk/2.1.0/lib/tinyusb/src/portable/raspberrypi/rp2040/dcd_rp2040.c.o
                0x10003264                dcd_edpt_close_all
 .text.dcd_edpt_xfer
                0x1000326c       0x24 CMakeFiles/atv.dir/Users/dorivaldojunior/.pico-sdk/sdk/2.1.0/lib/tinyusb/src/portable/raspberrypi/rp2040/dcd_rp2040.c.o
                0x1000326c                dcd_edpt_xfer
 .text.dcd_edpt_stall
                0x10003290       0x34 CMakeFiles/atv.dir/Users/dorivaldojunior/.pico-sdk/sdk/2.1.0/lib/tinyusb/src/portable/raspberrypi/rp2040/dcd_rp2040.c.o
                0x10003290                dcd_edpt_stall
 .text.dcd_edpt_clear_stall
                0x100032c4       0x30 CMakeFiles/atv.dir/Users/dorivaldojunior/.pico-sdk/sdk/2.1.0/lib/tinyusb/src/portable/raspberrypi/rp2040/dcd_rp2040.c.o
                0x100032c4                dcd_edpt_clear_stall
 .text.rp2040_usb_init
                0x100032f4       0x40 CMakeFiles/atv.dir/Users/dorivaldojunior/.pico-sdk/sdk/2.1.0/lib/tinyusb/src/portable/raspberrypi/rp2040/rp2040_usb.c.o
                0x100032f4                rp2040_usb_init
 .text.hw_endpoint_xfer_start
                0x10003334       0x40 CMakeFiles/atv.dir/Users/dorivaldojunior/.pico-sdk/sdk/2.1.0/lib/tinyusb/src/portable/raspberrypi/rp2040/rp2040_usb.c.o
                0x10003334                hw_endpoint_xfer_start
 .text.tud_event_hook_cb
                0x10003374        0x4 CMakeFiles/atv.dir/Users/dorivaldojunior/.pico-sdk/sdk/2.1.0/lib/tinyusb/src/device/usbd.c.o
                0x10003374                tud_event_hook_cb
 .text.tud_sof_cb
                0x10003378        0x4 CMakeFiles/atv.dir/Users/dorivaldojunior/.pico-sdk/sdk/2.1.0/lib/tinyusb/src/device/usbd.c.o
                0x10003378                tud_sof_cb
 .text.tud_descriptor_device_qualifier_cb
                0x1000337c        0x4 CMakeFiles/atv.dir/Users/dorivaldojunior/.pico-sdk/sdk/2.1.0/lib/tinyusb/src/device/usbd.c.o
                0x1000337c                tud_descriptor_device_qualifier_cb
 .text.tud_descriptor_other_speed_configuration_cb
                0x10003380        0x4 CMakeFiles/atv.dir/Users/dorivaldojunior/.pico-sdk/sdk/2.1.0/lib/tinyusb/src/device/usbd.c.o
                0x10003380                tud_descriptor_other_speed_configuration_cb
 .text.tud_mount_cb
                0x10003384        0x4 CMakeFiles/atv.dir/Users/dorivaldojunior/.pico-sdk/sdk/2.1.0/lib/tinyusb/src/device/usbd.c.o
                0x10003384                tud_mount_cb
 .text.tud_umount_cb
                0x10003388        0x4 CMakeFiles/atv.dir/Users/dorivaldojunior/.pico-sdk/sdk/2.1.0/lib/tinyusb/src/device/usbd.c.o
                0x10003388                tud_umount_cb
 .text.tud_suspend_cb
                0x1000338c        0x4 CMakeFiles/atv.dir/Users/dorivaldojunior/.pico-sdk/sdk/2.1.0/lib/tinyusb/src/device/usbd.c.o
                0x1000338c                tud_suspend_cb
 .text.tud_resume_cb
                0x10003390        0x4 CMakeFiles/atv.dir/Users/dorivaldojunior/.pico-sdk/sdk/2.1.0/lib/tinyusb/src/device/usbd.c.o
                0x10003390                tud_resume_cb
 .text.tud_mounted
                0x10003394       0x10 CMakeFiles/atv.dir/Users/dorivaldojunior/.pico-sdk/sdk/2.1.0/lib/tinyusb/src/device/usbd.c.o
                0x10003394                tud_mounted
 .text.tud_suspended
                0x100033a4       0x10 CMakeFiles/atv.dir/Users/dorivaldojunior/.pico-sdk/sdk/2.1.0/lib/tinyusb/src/device/usbd.c.o
                0x100033a4                tud_suspended
 .text.tud_init
                0x100033b4       0xe4 CMakeFiles/atv.dir/Users/dorivaldojunior/.pico-sdk/sdk/2.1.0/lib/tinyusb/src/device/usbd.c.o
                0x100033b4                tud_init
 .text.tud_task_ext
                0x10003498      0x800 CMakeFiles/atv.dir/Users/dorivaldojunior/.pico-sdk/sdk/2.1.0/lib/tinyusb/src/device/usbd.c.o
                0x10003498                tud_task_ext
 .text.usbd_open_edpt_pair
                0x10003c98       0x9c CMakeFiles/atv.dir/Users/dorivaldojunior/.pico-sdk/sdk/2.1.0/lib/tinyusb/src/device/usbd.c.o
                0x10003c98                usbd_open_edpt_pair
 .text.usbd_edpt_open
                0x10003d34       0x34 CMakeFiles/atv.dir/Users/dorivaldojunior/.pico-sdk/sdk/2.1.0/lib/tinyusb/src/device/usbd.c.o
                0x10003d34                usbd_edpt_open
 .text.usbd_edpt_claim
                0x10003d68       0x28 CMakeFiles/atv.dir/Users/dorivaldojunior/.pico-sdk/sdk/2.1.0/lib/tinyusb/src/device/usbd.c.o
                0x10003d68                usbd_edpt_claim
 .text.usbd_edpt_release
                0x10003d90       0x28 CMakeFiles/atv.dir/Users/dorivaldojunior/.pico-sdk/sdk/2.1.0/lib/tinyusb/src/device/usbd.c.o
                0x10003d90                usbd_edpt_release
 .text.usbd_edpt_xfer
                0x10003db8       0x4c CMakeFiles/atv.dir/Users/dorivaldojunior/.pico-sdk/sdk/2.1.0/lib/tinyusb/src/device/usbd.c.o
                0x10003db8                usbd_edpt_xfer
 .text.tud_control_status
                0x10003e04       0x2c CMakeFiles/atv.dir/Users/dorivaldojunior/.pico-sdk/sdk/2.1.0/lib/tinyusb/src/device/usbd_control.c.o
                0x10003e04                tud_control_status
 .text.tud_control_xfer
                0x10003e30       0xac CMakeFiles/atv.dir/Users/dorivaldojunior/.pico-sdk/sdk/2.1.0/lib/tinyusb/src/device/usbd_control.c.o
                0x10003e30                tud_control_xfer
 .text.usbd_control_reset
                0x10003edc       0x14 CMakeFiles/atv.dir/Users/dorivaldojunior/.pico-sdk/sdk/2.1.0/lib/tinyusb/src/device/usbd_control.c.o
                0x10003edc                usbd_control_reset
 .text.usbd_control_set_complete_callback
                0x10003ef0        0xc CMakeFiles/atv.dir/Users/dorivaldojunior/.pico-sdk/sdk/2.1.0/lib/tinyusb/src/device/usbd_control.c.o
                0x10003ef0                usbd_control_set_complete_callback
 .text.usbd_control_set_request
                0x10003efc       0x1c CMakeFiles/atv.dir/Users/dorivaldojunior/.pico-sdk/sdk/2.1.0/lib/tinyusb/src/device/usbd_control.c.o
                0x10003efc                usbd_control_set_request
 .text.usbd_control_xfer_cb
                0x10003f18       0xec CMakeFiles/atv.dir/Users/dorivaldojunior/.pico-sdk/sdk/2.1.0/lib/tinyusb/src/device/usbd_control.c.o
                0x10003f18                usbd_control_xfer_cb
 .text._prep_out_transaction.isra.0
                0x10004004       0x5c CMakeFiles/atv.dir/Users/dorivaldojunior/.pico-sdk/sdk/2.1.0/lib/tinyusb/src/class/cdc/cdc_device.c.o
 .text.tud_cdc_n_connected
                0x10004060       0x30 CMakeFiles/atv.dir/Users/dorivaldojunior/.pico-sdk/sdk/2.1.0/lib/tinyusb/src/class/cdc/cdc_device.c.o
                0x10004060                tud_cdc_n_connected
 .text.tud_cdc_n_available
                0x10004090       0x18 CMakeFiles/atv.dir/Users/dorivaldojunior/.pico-sdk/sdk/2.1.0/lib/tinyusb/src/class/cdc/cdc_device.c.o
                0x10004090                tud_cdc_n_available
 .text.tud_cdc_n_read
                0x100040a8       0x98 CMakeFiles/atv.dir/Users/dorivaldojunior/.pico-sdk/sdk/2.1.0/lib/tinyusb/src/class/cdc/cdc_device.c.o
                0x100040a8                tud_cdc_n_read
 .text.tud_cdc_n_write_flush
                0x10004140       0x78 CMakeFiles/atv.dir/Users/dorivaldojunior/.pico-sdk/sdk/2.1.0/lib/tinyusb/src/class/cdc/cdc_device.c.o
                0x10004140                tud_cdc_n_write_flush
 .text.tud_cdc_n_write
                0x100041b8       0x40 CMakeFiles/atv.dir/Users/dorivaldojunior/.pico-sdk/sdk/2.1.0/lib/tinyusb/src/class/cdc/cdc_device.c.o
                0x100041b8                tud_cdc_n_write
 .text.tud_cdc_n_write_available
                0x100041f8       0x18 CMakeFiles/atv.dir/Users/dorivaldojunior/.pico-sdk/sdk/2.1.0/lib/tinyusb/src/class/cdc/cdc_device.c.o
                0x100041f8                tud_cdc_n_write_available
 .text.cdcd_init
                0x10004210       0x7c CMakeFiles/atv.dir/Users/dorivaldojunior/.pico-sdk/sdk/2.1.0/lib/tinyusb/src/class/cdc/cdc_device.c.o
                0x10004210                cdcd_init
 .text.cdcd_deinit
                0x1000428c       0x34 CMakeFiles/atv.dir/Users/dorivaldojunior/.pico-sdk/sdk/2.1.0/lib/tinyusb/src/class/cdc/cdc_device.c.o
                0x1000428c                cdcd_deinit
 .text.cdcd_reset
                0x100042c0       0x4c CMakeFiles/atv.dir/Users/dorivaldojunior/.pico-sdk/sdk/2.1.0/lib/tinyusb/src/class/cdc/cdc_device.c.o
                0x100042c0                cdcd_reset
 .text.cdcd_open
                0x1000430c       0xb0 CMakeFiles/atv.dir/Users/dorivaldojunior/.pico-sdk/sdk/2.1.0/lib/tinyusb/src/class/cdc/cdc_device.c.o
                0x1000430c                cdcd_open
 .text.cdcd_control_xfer_cb
                0x100043bc       0xe4 CMakeFiles/atv.dir/Users/dorivaldojunior/.pico-sdk/sdk/2.1.0/lib/tinyusb/src/class/cdc/cdc_device.c.o
                0x100043bc                cdcd_control_xfer_cb
 .text.cdcd_xfer_cb
                0x100044a0      0x100 CMakeFiles/atv.dir/Users/dorivaldojunior/.pico-sdk/sdk/2.1.0/lib/tinyusb/src/class/cdc/cdc_device.c.o
                0x100044a0                cdcd_xfer_cb
 .text.vendord_init
                0x100045a0       0x5c CMakeFiles/atv.dir/Users/dorivaldojunior/.pico-sdk/sdk/2.1.0/lib/tinyusb/src/class/vendor/vendor_device.c.o
                0x100045a0                vendord_init
 .text.vendord_deinit
                0x100045fc       0x1c CMakeFiles/atv.dir/Users/dorivaldojunior/.pico-sdk/sdk/2.1.0/lib/tinyusb/src/class/vendor/vendor_device.c.o
                0x100045fc                vendord_deinit
 .text.vendord_reset
                0x10004618       0x20 CMakeFiles/atv.dir/Users/dorivaldojunior/.pico-sdk/sdk/2.1.0/lib/tinyusb/src/class/vendor/vendor_device.c.o
                0x10004618                vendord_reset
 .text.vendord_open
                0x10004638      0x138 CMakeFiles/atv.dir/Users/dorivaldojunior/.pico-sdk/sdk/2.1.0/lib/tinyusb/src/class/vendor/vendor_device.c.o
                0x10004638                vendord_open
 .text.vendord_xfer_cb
                0x10004770       0x9c CMakeFiles/atv.dir/Users/dorivaldojunior/.pico-sdk/sdk/2.1.0/lib/tinyusb/src/class/vendor/vendor_device.c.o
                0x10004770                vendord_xfer_cb
 .text.tusb_init
                0x1000480c        0xc CMakeFiles/atv.dir/Users/dorivaldojunior/.pico-sdk/sdk/2.1.0/lib/tinyusb/src/tusb.c.o
                0x1000480c                tusb_init
 .text.tu_edpt_claim
                0x10004818       0x50 CMakeFiles/atv.dir/Users/dorivaldojunior/.pico-sdk/sdk/2.1.0/lib/tinyusb/src/tusb.c.o
                0x10004818                tu_edpt_claim
 .text.tu_edpt_release
                0x10004868       0x38 CMakeFiles/atv.dir/Users/dorivaldojunior/.pico-sdk/sdk/2.1.0/lib/tinyusb/src/tusb.c.o
                0x10004868                tu_edpt_release
 .text.tu_edpt_validate
                0x100048a0       0x7c CMakeFiles/atv.dir/Users/dorivaldojunior/.pico-sdk/sdk/2.1.0/lib/tinyusb/src/tusb.c.o
                0x100048a0                tu_edpt_validate
 .text.tu_edpt_bind_driver
                0x1000491c       0x34 CMakeFiles/atv.dir/Users/dorivaldojunior/.pico-sdk/sdk/2.1.0/lib/tinyusb/src/tusb.c.o
                0x1000491c                tu_edpt_bind_driver
 .text.tu_edpt_stream_init
                0x10004950       0x6c CMakeFiles/atv.dir/Users/dorivaldojunior/.pico-sdk/sdk/2.1.0/lib/tinyusb/src/tusb.c.o
                0x10004950                tu_edpt_stream_init
 .text.tu_edpt_stream_deinit
                0x100049bc        0x4 CMakeFiles/atv.dir/Users/dorivaldojunior/.pico-sdk/sdk/2.1.0/lib/tinyusb/src/tusb.c.o
                0x100049bc                tu_edpt_stream_deinit
 .text.tu_edpt_stream_write_zlp_if_needed
                0x100049c0       0x68 CMakeFiles/atv.dir/Users/dorivaldojunior/.pico-sdk/sdk/2.1.0/lib/tinyusb/src/tusb.c.o
                0x100049c0                tu_edpt_stream_write_zlp_if_needed
 .text.tu_edpt_stream_write_xfer
                0x10004a28       0x64 CMakeFiles/atv.dir/Users/dorivaldojunior/.pico-sdk/sdk/2.1.0/lib/tinyusb/src/tusb.c.o
                0x10004a28                tu_edpt_stream_write_xfer
 .text.tu_edpt_stream_read_xfer
                0x10004a8c       0xdc CMakeFiles/atv.dir/Users/dorivaldojunior/.pico-sdk/sdk/2.1.0/lib/tinyusb/src/tusb.c.o
                0x10004a8c                tu_edpt_stream_read_xfer
 .text.tu_fifo_config
                0x10004b68       0x6c CMakeFiles/atv.dir/Users/dorivaldojunior/.pico-sdk/sdk/2.1.0/lib/tinyusb/src/common/tusb_fifo.c.o
                0x10004b68                tu_fifo_config
 .text.tu_fifo_count
                0x10004bd4       0x2c CMakeFiles/atv.dir/Users/dorivaldojunior/.pico-sdk/sdk/2.1.0/lib/tinyusb/src/common/tusb_fifo.c.o
                0x10004bd4                tu_fifo_count
 .text.tu_fifo_empty
                0x10004c00       0x10 CMakeFiles/atv.dir/Users/dorivaldojunior/.pico-sdk/sdk/2.1.0/lib/tinyusb/src/common/tusb_fifo.c.o
                0x10004c00                tu_fifo_empty
 .text.tu_fifo_remaining
                0x10004c10       0x2c CMakeFiles/atv.dir/Users/dorivaldojunior/.pico-sdk/sdk/2.1.0/lib/tinyusb/src/common/tusb_fifo.c.o
                0x10004c10                tu_fifo_remaining
 .text.tu_fifo_read
                0x10004c3c       0x9c CMakeFiles/atv.dir/Users/dorivaldojunior/.pico-sdk/sdk/2.1.0/lib/tinyusb/src/common/tusb_fifo.c.o
                0x10004c3c                tu_fifo_read
 .text.tu_fifo_read_n
                0x10004cd8       0xe8 CMakeFiles/atv.dir/Users/dorivaldojunior/.pico-sdk/sdk/2.1.0/lib/tinyusb/src/common/tusb_fifo.c.o
                0x10004cd8                tu_fifo_read_n
 .text.tu_fifo_write
                0x10004dc0       0xa8 CMakeFiles/atv.dir/Users/dorivaldojunior/.pico-sdk/sdk/2.1.0/lib/tinyusb/src/common/tusb_fifo.c.o
                0x10004dc0                tu_fifo_write
 .text.tu_fifo_write_n
                0x10004e68      0x178 CMakeFiles/atv.dir/Users/dorivaldojunior/.pico-sdk/sdk/2.1.0/lib/tinyusb/src/common/tusb_fifo.c.o
                0x10004e68                tu_fifo_write_n
 .text.tu_fifo_clear
                0x10004fe0       0x40 CMakeFiles/atv.dir/Users/dorivaldojunior/.pico-sdk/sdk/2.1.0/lib/tinyusb/src/common/tusb_fifo.c.o
                0x10004fe0                tu_fifo_clear
 .text.tu_fifo_set_overwritable
                0x10005020       0x48 CMakeFiles/atv.dir/Users/dorivaldojunior/.pico-sdk/sdk/2.1.0/lib/tinyusb/src/common/tusb_fifo.c.o
                0x10005020                tu_fifo_set_overwritable
 .text.pio_claim_unused_sm
                0x10005068       0x38 CMakeFiles/atv.dir/Users/dorivaldojunior/.pico-sdk/sdk/2.1.0/src/rp2_common/hardware_pio/pio.c.o
                0x10005068                pio_claim_unused_sm
 .text.pio_add_program
                0x100050a0      0x104 CMakeFiles/atv.dir/Users/dorivaldojunior/.pico-sdk/sdk/2.1.0/src/rp2_common/hardware_pio/pio.c.o
                0x100050a0                pio_add_program
 .text.pio_sm_set_consecutive_pindirs
                0x100051a4       0xb4 CMakeFiles/atv.dir/Users/dorivaldojunior/.pico-sdk/sdk/2.1.0/src/rp2_common/hardware_pio/pio.c.o
                0x100051a4                pio_sm_set_consecutive_pindirs
 .text.pio_sm_init
                0x10005258       0x9c CMakeFiles/atv.dir/Users/dorivaldojunior/.pico-sdk/sdk/2.1.0/src/rp2_common/hardware_pio/pio.c.o
                0x10005258                pio_sm_init
 .text.strlen   0x100052f4       0x5c /Users/dorivaldojunior/.pico-sdk/toolchain/13_3_Rel1/bin/../lib/gcc/arm-none-eabi/13.3.1/../../../../arm-none-eabi/lib/thumb/v6-m/nofp/libg.a(libc_a-strlen-stub.o)
                0x100052f4                strlen
 *(.fini)
 .fini          0x10005350        0x4 /Users/dorivaldojunior/.pico-sdk/toolchain/13_3_Rel1/bin/../lib/gcc/arm-none-eabi/13.3.1/thumb/v6-m/nofp/crti.o
                0x10005350                _fini
 *fill*         0x10005354        0x4 
 .fini.__stub   0x10005358       0xb0 linker stubs
 *crtbegin.o(.ctors)
 *crtbegin?.o(.ctors)
 *(EXCLUDE_FILE(*crtend.o *crtend?.o) .ctors)
 *(SORT_BY_NAME(.ctors.*))
 *(.ctors)
 *crtbegin.o(.dtors)
 *crtbegin?.o(.dtors)
 *(EXCLUDE_FILE(*crtend.o *crtend?.o) .dtors)
 *(SORT_BY_NAME(.dtors.*))
 *(.dtors)
                0x10005408                        . = ALIGN (0x4)
                0x10005408                        PROVIDE (__preinit_array_start = .)
 *(SORT_BY_NAME(.preinit_array.*))
 .preinit_array.00100
                0x10005408        0x4 CMakeFiles/atv.dir/Users/dorivaldojunior/.pico-sdk/sdk/2.1.0/src/rp2_common/pico_runtime_init/runtime_init.c.o
                0x10005408                __pre_init_runtime_init_early_resets
 .preinit_array.00101
                0x1000540c        0x4 CMakeFiles/atv.dir/Users/dorivaldojunior/.pico-sdk/sdk/2.1.0/src/rp2_common/pico_runtime_init/runtime_init.c.o
                0x1000540c                __pre_init_runtime_init_usb_power_down
 .preinit_array.00275
                0x10005410        0x4 CMakeFiles/atv.dir/Users/dorivaldojunior/.pico-sdk/sdk/2.1.0/src/rp2_common/pico_bit_ops/bit_ops_aeabi.S.o
 .preinit_array.00300
                0x10005414        0x4 CMakeFiles/atv.dir/Users/dorivaldojunior/.pico-sdk/sdk/2.1.0/src/rp2_common/pico_mem_ops/mem_ops_aeabi.S.o
 .preinit_array.00350
                0x10005418        0x4 CMakeFiles/atv.dir/Users/dorivaldojunior/.pico-sdk/sdk/2.1.0/src/rp2_common/pico_double/double_aeabi_rp2040.S.o
 .preinit_array.00350
                0x1000541c        0x4 CMakeFiles/atv.dir/Users/dorivaldojunior/.pico-sdk/sdk/2.1.0/src/rp2_common/pico_float/float_aeabi_rp2040.S.o
 .preinit_array.00500
                0x10005420        0x4 CMakeFiles/atv.dir/Users/dorivaldojunior/.pico-sdk/sdk/2.1.0/src/rp2_common/pico_runtime_init/runtime_init.c.o
                0x10005420                __pre_init_runtime_init_clocks
 .preinit_array.00600
                0x10005424        0x4 CMakeFiles/atv.dir/Users/dorivaldojunior/.pico-sdk/sdk/2.1.0/src/rp2_common/pico_runtime_init/runtime_init.c.o
                0x10005424                __pre_init_runtime_init_post_clock_resets
 .preinit_array.00700
                0x10005428        0x4 CMakeFiles/atv.dir/Users/dorivaldojunior/.pico-sdk/sdk/2.1.0/src/rp2_common/pico_runtime_init/runtime_init.c.o
                0x10005428                __pre_init_runtime_init_rp2040_gpio_ie_disable
 .preinit_array.01000
                0x1000542c        0x4 CMakeFiles/atv.dir/Users/dorivaldojunior/.pico-sdk/sdk/2.1.0/src/rp2_common/pico_runtime_init/runtime_init.c.o
                0x1000542c                __pre_init_runtime_init_spin_locks_reset
 .preinit_array.01100
                0x10005430        0x4 CMakeFiles/atv.dir/Users/dorivaldojunior/.pico-sdk/sdk/2.1.0/src/common/pico_sync/mutex.c.o
                0x10005430                __pre_init_runtime_init_mutex
 .preinit_array.10080
                0x10005434        0x4 CMakeFiles/atv.dir/Users/dorivaldojunior/.pico-sdk/sdk/2.1.0/src/rp2_common/pico_runtime_init/runtime_init.c.o
                0x10005434                __pre_init_runtime_init_install_ram_vector_table
 .preinit_array.11000
                0x10005438        0x4 CMakeFiles/atv.dir/Users/dorivaldojunior/.pico-sdk/sdk/2.1.0/src/common/pico_time/time.c.o
                0x10005438                __pre_init_runtime_init_default_alarm_pool
 .preinit_array.YYYYY
                0x1000543c        0x4 CMakeFiles/atv.dir/Users/dorivaldojunior/.pico-sdk/sdk/2.1.0/src/rp2_common/pico_runtime/runtime.c.o
                0x1000543c                __pre_init_first_per_core_initializer
 .preinit_array.ZZZZZ.01200
                0x10005440        0x4 CMakeFiles/atv.dir/Users/dorivaldojunior/.pico-sdk/sdk/2.1.0/src/rp2_common/hardware_irq/irq.c.o
                0x10005440                __pre_init_runtime_init_per_core_irq_priorities
 *(.preinit_array)
                0x10005444                        PROVIDE (__preinit_array_end = .)
                0x10005444                        . = ALIGN (0x4)
                0x10005444                        PROVIDE (__init_array_start = .)
 *(SORT_BY_NAME(.init_array.*))
 *(.init_array)
 .init_array    0x10005444        0x4 /Users/dorivaldojunior/.pico-sdk/toolchain/13_3_Rel1/bin/../lib/gcc/arm-none-eabi/13.3.1/thumb/v6-m/nofp/crtbegin.o
 .init_array    0x10005448        0x4 CMakeFiles/atv.dir/Users/dorivaldojunior/.pico-sdk/sdk/2.1.0/src/rp2_common/pico_unique_id/unique_id.c.o
                0x1000544c                        PROVIDE (__init_array_end = .)
                0x1000544c                        . = ALIGN (0x4)
                [!provide]                        PROVIDE (__fini_array_start = .)
 *(SORT_BY_NAME(.fini_array.*))
 *(.fini_array)
                [!provide]                        PROVIDE (__fini_array_end = .)
 *(.eh_frame*)
 .eh_frame      0x1000544c        0x0 /Users/dorivaldojunior/.pico-sdk/toolchain/13_3_Rel1/bin/../lib/gcc/arm-none-eabi/13.3.1/thumb/v6-m/nofp/crtbegin.o
                0x1000544c                        . = ALIGN (0x4)

.glue_7         0x1000544c        0x0
 .glue_7        0x1000544c        0x0 linker stubs

.glue_7t        0x1000544c        0x0
 .glue_7t       0x1000544c        0x0 linker stubs

.vfp11_veneer   0x1000544c        0x0
 .vfp11_veneer  0x1000544c        0x0 linker stubs

.v4_bx          0x1000544c        0x0
 .v4_bx         0x1000544c        0x0 linker stubs

.iplt           0x1000544c        0x0
 .iplt          0x1000544c        0x0 /Users/dorivaldojunior/.pico-sdk/toolchain/13_3_Rel1/bin/../lib/gcc/arm-none-eabi/13.3.1/thumb/v6-m/nofp/crtbegin.o

.rodata         0x1000544c      0x4b4
 *(EXCLUDE_FILE(*libm.a: *libc.a:*lib_a-mem*.o *libgcc.a:) .rodata*)
 .rodata.pio_matrix_program
                0x1000544c        0x8 CMakeFiles/atv.dir/atv.c.o
 .rodata.pio_matrix_program_instructions
                0x10005454        0xe CMakeFiles/atv.dir/atv.c.o
 *fill*         0x10005462        0x2 
 .rodata.panic.str1.4
                0x10005464      0x1bc CMakeFiles/atv.dir/Users/dorivaldojunior/.pico-sdk/sdk/2.1.0/src/rp2_common/pico_platform_panic/panic.c.o
                                 0x12 (size before relaxing)
 .rodata.spin_lock_claim_unused.str1.4
                0x10005620       0x1b CMakeFiles/atv.dir/Users/dorivaldojunior/.pico-sdk/sdk/2.1.0/src/rp2_common/hardware_sync/sync.c.o
 .rodata.user_irq_claim_unused.str1.4
                0x10005620       0x1b CMakeFiles/atv.dir/Users/dorivaldojunior/.pico-sdk/sdk/2.1.0/src/rp2_common/hardware_irq/irq.c.o
 .rodata.timer_hardware_alarm_claim.str1.4
                0x10005620       0x22 CMakeFiles/atv.dir/Users/dorivaldojunior/.pico-sdk/sdk/2.1.0/src/rp2_common/hardware_timer/timer.c.o
 .rodata.hard_assertion_failure.str1.4
                0x10005620        0xc CMakeFiles/atv.dir/Users/dorivaldojunior/.pico-sdk/sdk/2.1.0/src/rp2_common/pico_runtime/runtime.c.o
 .rodata.missing_double_func_shim.str1.4
                0x10005620       0x18 CMakeFiles/atv.dir/Users/dorivaldojunior/.pico-sdk/sdk/2.1.0/src/rp2_common/pico_double/double_init_rom_rp2040.c.o
 .rodata.missing_float_func_shim.str1.4
                0x10005620        0x1 CMakeFiles/atv.dir/Users/dorivaldojunior/.pico-sdk/sdk/2.1.0/src/rp2_common/pico_float/float_init_rom_rp2040.c.o
 .rodata.str1.4
                0x10005620       0x3c CMakeFiles/atv.dir/Users/dorivaldojunior/.pico-sdk/sdk/2.1.0/src/rp2_common/pico_standard_binary_info/standard_binary_info.c.o
 .rodata.__bi_84
                0x10005620        0xc CMakeFiles/atv.dir/Users/dorivaldojunior/.pico-sdk/sdk/2.1.0/src/rp2_common/pico_standard_binary_info/standard_binary_info.c.o
 .rodata.__bi_78
                0x1000562c        0xc CMakeFiles/atv.dir/Users/dorivaldojunior/.pico-sdk/sdk/2.1.0/src/rp2_common/pico_standard_binary_info/standard_binary_info.c.o
 .rodata.__bi_60
                0x10005638        0xc CMakeFiles/atv.dir/Users/dorivaldojunior/.pico-sdk/sdk/2.1.0/src/rp2_common/pico_standard_binary_info/standard_binary_info.c.o
 .rodata.__bi_54
                0x10005644        0xc CMakeFiles/atv.dir/Users/dorivaldojunior/.pico-sdk/sdk/2.1.0/src/rp2_common/pico_standard_binary_info/standard_binary_info.c.o
 .rodata.__bi_48
                0x10005650        0xc CMakeFiles/atv.dir/Users/dorivaldojunior/.pico-sdk/sdk/2.1.0/src/rp2_common/pico_standard_binary_info/standard_binary_info.c.o
 .rodata.__bi_42
                0x1000565c        0xc CMakeFiles/atv.dir/Users/dorivaldojunior/.pico-sdk/sdk/2.1.0/src/rp2_common/pico_standard_binary_info/standard_binary_info.c.o
 .rodata.__bi_34
                0x10005668        0xc CMakeFiles/atv.dir/Users/dorivaldojunior/.pico-sdk/sdk/2.1.0/src/rp2_common/pico_standard_binary_info/standard_binary_info.c.o
 .rodata.__bi_26
                0x10005674        0xc CMakeFiles/atv.dir/Users/dorivaldojunior/.pico-sdk/sdk/2.1.0/src/rp2_common/pico_standard_binary_info/standard_binary_info.c.o
 .rodata.crlf_str.0
                0x10005680        0x2 CMakeFiles/atv.dir/Users/dorivaldojunior/.pico-sdk/sdk/2.1.0/src/rp2_common/pico_stdio/stdio.c.o
 .rodata.str1.4
                0x10005682       0x2c CMakeFiles/atv.dir/Users/dorivaldojunior/.pico-sdk/sdk/2.1.0/src/rp2_common/pico_stdio_uart/stdio_uart.c.o
 *fill*         0x10005682        0x2 
 .rodata.__bi_45.4
                0x10005684        0xc CMakeFiles/atv.dir/Users/dorivaldojunior/.pico-sdk/sdk/2.1.0/src/rp2_common/pico_stdio_uart/stdio_uart.c.o
 .rodata.__bi_49.5
                0x10005690        0x8 CMakeFiles/atv.dir/Users/dorivaldojunior/.pico-sdk/sdk/2.1.0/src/rp2_common/pico_stdio_uart/stdio_uart.c.o
 .rodata.__bi_50.6
                0x10005698        0x8 CMakeFiles/atv.dir/Users/dorivaldojunior/.pico-sdk/sdk/2.1.0/src/rp2_common/pico_stdio_uart/stdio_uart.c.o
 .rodata._resetd_driver
                0x100056a0       0x20 CMakeFiles/atv.dir/Users/dorivaldojunior/.pico-sdk/sdk/2.1.0/src/rp2_common/pico_stdio_usb/reset_interface.c.o
 .rodata.desc_ms_os_20
                0x100056c0       0xa6 CMakeFiles/atv.dir/Users/dorivaldojunior/.pico-sdk/sdk/2.1.0/src/rp2_common/pico_stdio_usb/reset_interface.c.o
 *fill*         0x10005766        0x2 
 .rodata.desc_bos
                0x10005768       0x21 CMakeFiles/atv.dir/Users/dorivaldojunior/.pico-sdk/sdk/2.1.0/src/rp2_common/pico_stdio_usb/reset_interface.c.o
                0x10005768                desc_bos
 .rodata.str1.4
                0x10005789       0x13 CMakeFiles/atv.dir/Users/dorivaldojunior/.pico-sdk/sdk/2.1.0/src/rp2_common/pico_stdio_usb/stdio_usb.c.o
 *fill*         0x10005789        0x3 
 .rodata.__bi_197.0
                0x1000578c        0xc CMakeFiles/atv.dir/Users/dorivaldojunior/.pico-sdk/sdk/2.1.0/src/rp2_common/pico_stdio_usb/stdio_usb.c.o
 .rodata.str1.4
                0x10005798       0x2a CMakeFiles/atv.dir/Users/dorivaldojunior/.pico-sdk/sdk/2.1.0/src/rp2_common/pico_stdio_usb/stdio_usb_descriptors.c.o
 .rodata.usbd_desc_str
                0x10005798       0x18 CMakeFiles/atv.dir/Users/dorivaldojunior/.pico-sdk/sdk/2.1.0/src/rp2_common/pico_stdio_usb/stdio_usb_descriptors.c.o
 .rodata.usbd_desc_cfg
                0x100057b0       0x54 CMakeFiles/atv.dir/Users/dorivaldojunior/.pico-sdk/sdk/2.1.0/src/rp2_common/pico_stdio_usb/stdio_usb_descriptors.c.o
 .rodata.usbd_desc_device
                0x10005804       0x12 CMakeFiles/atv.dir/Users/dorivaldojunior/.pico-sdk/sdk/2.1.0/src/rp2_common/pico_stdio_usb/stdio_usb_descriptors.c.o
 .rodata.str1.4
                0x10005816       0x14 CMakeFiles/atv.dir/Users/dorivaldojunior/.pico-sdk/sdk/2.1.0/lib/tinyusb/src/portable/raspberrypi/rp2040/dcd_rp2040.c.o
 .rodata.str1.4
                0x10005816       0x48 CMakeFiles/atv.dir/Users/dorivaldojunior/.pico-sdk/sdk/2.1.0/lib/tinyusb/src/portable/raspberrypi/rp2040/rp2040_usb.c.o
 *fill*         0x10005816        0x2 
 .rodata.tud_task_ext
                0x10005818       0x8c CMakeFiles/atv.dir/Users/dorivaldojunior/.pico-sdk/sdk/2.1.0/lib/tinyusb/src/device/usbd.c.o
 .rodata        0x100058a4       0x1c CMakeFiles/atv.dir/Users/dorivaldojunior/.pico-sdk/sdk/2.1.0/lib/tinyusb/src/device/usbd.c.o
 .rodata._usbd_driver
                0x100058c0       0x40 CMakeFiles/atv.dir/Users/dorivaldojunior/.pico-sdk/sdk/2.1.0/lib/tinyusb/src/device/usbd.c.o
 .rodata.pio_claim_unused_sm.str1.4
                0x10005900       0x24 CMakeFiles/atv.dir/Users/dorivaldojunior/.pico-sdk/sdk/2.1.0/src/rp2_common/hardware_pio/pio.c.o
                0x10005924                        . = ALIGN (0x4)
 *(SORT_BY_ALIGNMENT(SORT_BY_NAME(.flashdata*)))
                0x10005924                        . = ALIGN (0x4)

.ARM.extab
 *(.ARM.extab* .gnu.linkonce.armextab.*)
                0x10005900                        __exidx_start = .

.ARM.exidx
 *(.ARM.exidx* .gnu.linkonce.armexidx.*)
                0x10005900                        __exidx_end = .
                0x10005924                        . = ALIGN (0x4)
                0x10005900                        __binary_info_start = .

.binary_info    0x10005900       0x30
 *(.binary_info.keep.*)
 .binary_info.keep.__bi_ptr84
                0x10005900        0x4 CMakeFiles/atv.dir/Users/dorivaldojunior/.pico-sdk/sdk/2.1.0/src/rp2_common/pico_standard_binary_info/standard_binary_info.c.o
 .binary_info.keep.__bi_ptr78
                0x10005904        0x4 CMakeFiles/atv.dir/Users/dorivaldojunior/.pico-sdk/sdk/2.1.0/src/rp2_common/pico_standard_binary_info/standard_binary_info.c.o
 .binary_info.keep.__bi_ptr60
                0x10005908        0x4 CMakeFiles/atv.dir/Users/dorivaldojunior/.pico-sdk/sdk/2.1.0/src/rp2_common/pico_standard_binary_info/standard_binary_info.c.o
 .binary_info.keep.__bi_ptr54
                0x1000590c        0x4 CMakeFiles/atv.dir/Users/dorivaldojunior/.pico-sdk/sdk/2.1.0/src/rp2_common/pico_standard_binary_info/standard_binary_info.c.o
 .binary_info.keep.__bi_ptr48
                0x10005910        0x4 CMakeFiles/atv.dir/Users/dorivaldojunior/.pico-sdk/sdk/2.1.0/src/rp2_common/pico_standard_binary_info/standard_binary_info.c.o
 .binary_info.keep.__bi_ptr42
                0x10005914        0x4 CMakeFiles/atv.dir/Users/dorivaldojunior/.pico-sdk/sdk/2.1.0/src/rp2_common/pico_standard_binary_info/standard_binary_info.c.o
 .binary_info.keep.__bi_ptr34
                0x10005918        0x4 CMakeFiles/atv.dir/Users/dorivaldojunior/.pico-sdk/sdk/2.1.0/src/rp2_common/pico_standard_binary_info/standard_binary_info.c.o
 .binary_info.keep.__bi_ptr26
                0x1000591c        0x4 CMakeFiles/atv.dir/Users/dorivaldojunior/.pico-sdk/sdk/2.1.0/src/rp2_common/pico_standard_binary_info/standard_binary_info.c.o
 *(.binary_info.*)
 .binary_info.__bi_ptr50
                0x10005920        0x4 CMakeFiles/atv.dir/Users/dorivaldojunior/.pico-sdk/sdk/2.1.0/src/rp2_common/pico_stdio_uart/stdio_uart.c.o
 .binary_info.__bi_ptr49
                0x10005924        0x4 CMakeFiles/atv.dir/Users/dorivaldojunior/.pico-sdk/sdk/2.1.0/src/rp2_common/pico_stdio_uart/stdio_uart.c.o
 .binary_info.__bi_ptr45
                0x10005928        0x4 CMakeFiles/atv.dir/Users/dorivaldojunior/.pico-sdk/sdk/2.1.0/src/rp2_common/pico_stdio_uart/stdio_uart.c.o
 .binary_info.__bi_ptr197
                0x1000592c        0x4 CMakeFiles/atv.dir/Users/dorivaldojunior/.pico-sdk/sdk/2.1.0/src/rp2_common/pico_stdio_usb/stdio_usb.c.o
                0x10005930                        __binary_info_end = .

.rel.dyn        0x10005930        0x0
 .rel.iplt      0x10005930        0x0 /Users/dorivaldojunior/.pico-sdk/toolchain/13_3_Rel1/bin/../lib/gcc/arm-none-eabi/13.3.1/thumb/v6-m/nofp/crtbegin.o
                0x10005930                        . = ALIGN (0x4)

.ram_vector_table
                0x20000000       0xc0
 *(.ram_vector_table)
 .ram_vector_table
                0x20000000       0xc0 CMakeFiles/atv.dir/Users/dorivaldojunior/.pico-sdk/sdk/2.1.0/src/rp2_common/pico_runtime_init/runtime_init.c.o
                0x20000000                ram_vector_table

.uninitialized_data
                0x200000c0        0x0
                0x200000c0                        . = ALIGN (0x4)
 *(.uninitialized_data*)

.data           0x200000c0     0x1788 load address 0x10005930
                0x200000c0                        __data_start__ = .
 *(vtable)
 *(.time_critical*)
 .time_critical.mutex_try_enter
                0x200000c0       0x40 CMakeFiles/atv.dir/Users/dorivaldojunior/.pico-sdk/sdk/2.1.0/src/common/pico_sync/mutex.c.o
                0x200000c0                mutex_try_enter
 .time_critical.mutex_try_enter_block_until
                0x20000100       0x9c CMakeFiles/atv.dir/Users/dorivaldojunior/.pico-sdk/sdk/2.1.0/src/common/pico_sync/mutex.c.o
                0x20000100                mutex_try_enter_block_until
 .time_critical.mutex_enter_timeout_ms
                0x2000019c       0x90 CMakeFiles/atv.dir/Users/dorivaldojunior/.pico-sdk/sdk/2.1.0/src/common/pico_sync/mutex.c.o
                0x2000019c                mutex_enter_timeout_ms
 .time_critical.mutex_exit
                0x2000022c       0x28 CMakeFiles/atv.dir/Users/dorivaldojunior/.pico-sdk/sdk/2.1.0/src/common/pico_sync/mutex.c.o
                0x2000022c                mutex_exit
 .time_critical.flash_init_boot2_copyout
                0x20000254       0x30 CMakeFiles/atv.dir/Users/dorivaldojunior/.pico-sdk/sdk/2.1.0/src/rp2_common/hardware_flash/flash.c.o
 .time_critical.flash_enable_xip_via_boot2
                0x20000284        0xc CMakeFiles/atv.dir/Users/dorivaldojunior/.pico-sdk/sdk/2.1.0/src/rp2_common/hardware_flash/flash.c.o
 .time_critical.flash_cs_force
                0x20000290       0x38 CMakeFiles/atv.dir/Users/dorivaldojunior/.pico-sdk/sdk/2.1.0/src/rp2_common/hardware_flash/flash.c.o
 .time_critical.flash_do_cmd
                0x200002c8       0xc0 CMakeFiles/atv.dir/Users/dorivaldojunior/.pico-sdk/sdk/2.1.0/src/rp2_common/hardware_flash/flash.c.o
                0x200002c8                flash_do_cmd
 .time_critical.reset_non_control_endpoints
                0x20000388       0x68 CMakeFiles/atv.dir/Users/dorivaldojunior/.pico-sdk/sdk/2.1.0/lib/tinyusb/src/portable/raspberrypi/rp2040/dcd_rp2040.c.o
 .time_critical.hw_handle_buff_status
                0x200003f0       0xb0 CMakeFiles/atv.dir/Users/dorivaldojunior/.pico-sdk/sdk/2.1.0/lib/tinyusb/src/portable/raspberrypi/rp2040/dcd_rp2040.c.o
 .time_critical.dcd_rp2040_irq
                0x200004a0      0x578 CMakeFiles/atv.dir/Users/dorivaldojunior/.pico-sdk/sdk/2.1.0/lib/tinyusb/src/portable/raspberrypi/rp2040/dcd_rp2040.c.o
 .time_critical.prepare_ep_buffer
                0x20000a18       0xe0 CMakeFiles/atv.dir/Users/dorivaldojunior/.pico-sdk/sdk/2.1.0/lib/tinyusb/src/portable/raspberrypi/rp2040/rp2040_usb.c.o
 .time_critical.sync_ep_buffer
                0x20000af8       0xa8 CMakeFiles/atv.dir/Users/dorivaldojunior/.pico-sdk/sdk/2.1.0/lib/tinyusb/src/portable/raspberrypi/rp2040/rp2040_usb.c.o
 .time_critical._hw_endpoint_xfer_sync
                0x20000ba0       0x28 CMakeFiles/atv.dir/Users/dorivaldojunior/.pico-sdk/sdk/2.1.0/lib/tinyusb/src/portable/raspberrypi/rp2040/rp2040_usb.c.o
 .time_critical.e15_is_bulkin_ep
                0x20000bc8       0x28 CMakeFiles/atv.dir/Users/dorivaldojunior/.pico-sdk/sdk/2.1.0/lib/tinyusb/src/portable/raspberrypi/rp2040/rp2040_usb.c.o
 .time_critical.e15_is_critical_frame_period
                0x20000bf0       0x34 CMakeFiles/atv.dir/Users/dorivaldojunior/.pico-sdk/sdk/2.1.0/lib/tinyusb/src/portable/raspberrypi/rp2040/rp2040_usb.c.o
 .time_critical.hw_endpoint_reset_transfer
                0x20000c24        0xc CMakeFiles/atv.dir/Users/dorivaldojunior/.pico-sdk/sdk/2.1.0/lib/tinyusb/src/portable/raspberrypi/rp2040/rp2040_usb.c.o
                0x20000c24                hw_endpoint_reset_transfer
 .time_critical._hw_endpoint_buffer_control_update32
                0x20000c30       0x50 CMakeFiles/atv.dir/Users/dorivaldojunior/.pico-sdk/sdk/2.1.0/lib/tinyusb/src/portable/raspberrypi/rp2040/rp2040_usb.c.o
                0x20000c30                _hw_endpoint_buffer_control_update32
 .time_critical.hw_endpoint_start_next_buffer
                0x20000c80       0x6c CMakeFiles/atv.dir/Users/dorivaldojunior/.pico-sdk/sdk/2.1.0/lib/tinyusb/src/portable/raspberrypi/rp2040/rp2040_usb.c.o
                0x20000c80                hw_endpoint_start_next_buffer
 .time_critical.hw_endpoint_xfer_continue
                0x20000cec       0x40 CMakeFiles/atv.dir/Users/dorivaldojunior/.pico-sdk/sdk/2.1.0/lib/tinyusb/src/portable/raspberrypi/rp2040/rp2040_usb.c.o
                0x20000cec                hw_endpoint_xfer_continue
 .time_critical.tinyusb
                0x20000d2c      0x1e4 CMakeFiles/atv.dir/Users/dorivaldojunior/.pico-sdk/sdk/2.1.0/lib/tinyusb/src/device/usbd.c.o
                0x20000d2c                dcd_event_handler
 *(.text*)
 .text          0x20000f10        0x4 /Users/dorivaldojunior/.pico-sdk/toolchain/13_3_Rel1/bin/../lib/gcc/arm-none-eabi/13.3.1/thumb/v6-m/nofp/libgcc.a(_dvmd_tls.o)
                0x20000f10                __aeabi_ldiv0
                0x20000f10                __aeabi_idiv0
 *fill*         0x20000f14        0x4 
 .text.__stub   0x20000f18       0x80 linker stubs
                0x20000f98                        . = ALIGN (0x4)
 *(.rodata*)
                0x20000f98                        . = ALIGN (0x4)
 *(.data*)
 *fill*         0x20000f98        0x0 
 .data.numeros  0x20000f98      0x7d0 CMakeFiles/atv.dir/atv.c.o
                0x20000f98                numeros
 .data.striped_spin_lock_num
                0x20001768        0x1 CMakeFiles/atv.dir/Users/dorivaldojunior/.pico-sdk/sdk/2.1.0/src/rp2_common/hardware_sync/sync.c.o
 *fill*         0x20001769        0x3 
 .data          0x2000176c       0x48 CMakeFiles/atv.dir/Users/dorivaldojunior/.pico-sdk/sdk/2.1.0/src/rp2_common/hardware_irq/irq_handler_chain.S.o
                0x2000176c                irq_handler_chain_slots
                0x2000179c                irq_handler_chain_first_slot
                0x200017a6                irq_handler_chain_remove_tail
 .data.default_alarm_pool
                0x200017b4       0x18 CMakeFiles/atv.dir/Users/dorivaldojunior/.pico-sdk/sdk/2.1.0/src/common/pico_time/time.c.o
 *fill*         0x200017cc        0x4 
 .data.aeabi_bits_funcs
                0x200017d0       0x10 CMakeFiles/atv.dir/Users/dorivaldojunior/.pico-sdk/sdk/2.1.0/src/rp2_common/pico_bit_ops/bit_ops_aeabi.S.o
                0x200017d0                aeabi_bits_funcs
                0x200017e0                aeabi_bits_funcs_end
 .data.aeabi_mem_funcs
                0x200017e0       0x10 CMakeFiles/atv.dir/Users/dorivaldojunior/.pico-sdk/sdk/2.1.0/src/rp2_common/pico_mem_ops/mem_ops_aeabi.S.o
                0x200017e0                aeabi_mem_funcs
                0x200017f0                aeabi_mem_funcs_end
 .data.stdio_uart
                0x200017f0       0x18 CMakeFiles/atv.dir/Users/dorivaldojunior/.pico-sdk/sdk/2.1.0/src/rp2_common/pico_stdio_uart/stdio_uart.c.o
                0x200017f0                stdio_uart
 .data.stdio_usb
                0x20001808       0x18 CMakeFiles/atv.dir/Users/dorivaldojunior/.pico-sdk/sdk/2.1.0/src/rp2_common/pico_stdio_usb/stdio_usb.c.o
                0x20001808                stdio_usb
 .data._usbd_qdef
                0x20001820       0x1c CMakeFiles/atv.dir/Users/dorivaldojunior/.pico-sdk/sdk/2.1.0/lib/tinyusb/src/device/usbd.c.o
                0x20001820                _usbd_qdef
 .data._usbd_rhport
                0x2000183c        0x1 CMakeFiles/atv.dir/Users/dorivaldojunior/.pico-sdk/sdk/2.1.0/lib/tinyusb/src/device/usbd.c.o
                0x20001840                        . = ALIGN (0x4)
 *fill*         0x2000183d        0x3 
 *(.after_data.*)
                0x20001840                        . = ALIGN (0x4)
                0x20001840                        PROVIDE (__mutex_array_start = .)
 *(SORT_BY_NAME(.mutex_array.*))
 *(.mutex_array)
 .mutex_array   0x20001840        0x8 CMakeFiles/atv.dir/Users/dorivaldojunior/.pico-sdk/sdk/2.1.0/src/rp2_common/pico_stdio/stdio.c.o
                0x20001848                        PROVIDE (__mutex_array_end = .)
                0x20001848                        . = ALIGN (0x4)
 *(.jcr)
                0x20001848                        . = ALIGN (0x4)

.tm_clone_table
                0x20001848        0x0 load address 0x100070b8
 .tm_clone_table
                0x20001848        0x0 /Users/dorivaldojunior/.pico-sdk/toolchain/13_3_Rel1/bin/../lib/gcc/arm-none-eabi/13.3.1/thumb/v6-m/nofp/crtbegin.o
 .tm_clone_table
                0x20001848        0x0 /Users/dorivaldojunior/.pico-sdk/toolchain/13_3_Rel1/bin/../lib/gcc/arm-none-eabi/13.3.1/thumb/v6-m/nofp/crtend.o

.igot.plt       0x20001848        0x0 load address 0x100070b8
 .igot.plt      0x20001848        0x0 /Users/dorivaldojunior/.pico-sdk/toolchain/13_3_Rel1/bin/../lib/gcc/arm-none-eabi/13.3.1/thumb/v6-m/nofp/crtbegin.o

.tdata          0x20001848        0x0 load address 0x100070b8
                0x20001848                        . = ALIGN (0x4)
 *(.tdata .tdata.* .gnu.linkonce.td.*)
                0x20001848                        __tdata_end = .
                0x20001848                        PROVIDE (__data_end__ = .)
                0x10005930                        __etext = LOADADDR (.data)

.tbss           0x20001848        0x0 load address 0x100070b8
                0x20001848                        . = ALIGN (0x4)
                0x20001848                        __bss_start__ = .
                0x20001848                        __tls_base = .
 *(.tbss .tbss.* .gnu.linkonce.tb.*)
 *(.tcommon)
                0x20001848                        __tls_end = .

.bss            0x20001848     0x10b0 load address 0x100070b8
                0x20001848                        . = ALIGN (0x4)
                0x20001848                        __tbss_end = .
 *(SORT_BY_ALIGNMENT(SORT_BY_NAME(.bss*)))
 .bss.default_alarm_pool_entries
                0x20001848      0x180 CMakeFiles/atv.dir/Users/dorivaldojunior/.pico-sdk/sdk/2.1.0/src/common/pico_time/time.c.o
 .bss.last_avail_time.1
                0x200019c8        0x8 CMakeFiles/atv.dir/Users/dorivaldojunior/.pico-sdk/sdk/2.1.0/src/rp2_common/pico_stdio_usb/stdio_usb.c.o
 .bss.sd_table  0x200019d0      0x100 CMakeFiles/atv.dir/Users/dorivaldojunior/.pico-sdk/sdk/2.1.0/src/rp2_common/pico_double/double_init_rom_rp2040.c.o
                0x200019d0                sd_table
 .bss._app_driver
                0x20001ad0        0x4 CMakeFiles/atv.dir/Users/dorivaldojunior/.pico-sdk/sdk/2.1.0/lib/tinyusb/src/device/usbd.c.o
 .bss._cdcd_fifo_cfg
                0x20001ad4        0x1 CMakeFiles/atv.dir/Users/dorivaldojunior/.pico-sdk/sdk/2.1.0/lib/tinyusb/src/class/cdc/cdc_device.c.o
 *fill*         0x20001ad5        0x3 
 .bss._cdcd_itf
                0x20001ad8      0x2c8 CMakeFiles/atv.dir/Users/dorivaldojunior/.pico-sdk/sdk/2.1.0/lib/tinyusb/src/class/cdc/cdc_device.c.o
 .bss._ctrl_xfer
                0x20001da0       0x14 CMakeFiles/atv.dir/Users/dorivaldojunior/.pico-sdk/sdk/2.1.0/lib/tinyusb/src/device/usbd_control.c.o
 .bss._ubsd_mutexdef
                0x20001db4        0x8 CMakeFiles/atv.dir/Users/dorivaldojunior/.pico-sdk/sdk/2.1.0/lib/tinyusb/src/device/usbd.c.o
 .bss._usbd_ctrl_buf
                0x20001dbc       0x40 CMakeFiles/atv.dir/Users/dorivaldojunior/.pico-sdk/sdk/2.1.0/lib/tinyusb/src/device/usbd_control.c.o
 .bss._usbd_dev
                0x20001dfc       0x54 CMakeFiles/atv.dir/Users/dorivaldojunior/.pico-sdk/sdk/2.1.0/lib/tinyusb/src/device/usbd.c.o
 .bss._usbd_mutex
                0x20001e50        0x4 CMakeFiles/atv.dir/Users/dorivaldojunior/.pico-sdk/sdk/2.1.0/lib/tinyusb/src/device/usbd.c.o
 .bss._usbd_q   0x20001e54        0x4 CMakeFiles/atv.dir/Users/dorivaldojunior/.pico-sdk/sdk/2.1.0/lib/tinyusb/src/device/usbd.c.o
 .bss._usbd_qdef_buf
                0x20001e58       0xc0 CMakeFiles/atv.dir/Users/dorivaldojunior/.pico-sdk/sdk/2.1.0/lib/tinyusb/src/device/usbd.c.o
                0x20001e58                _usbd_qdef_buf
 .bss._used_instruction_space
                0x20001f18        0x8 CMakeFiles/atv.dir/Users/dorivaldojunior/.pico-sdk/sdk/2.1.0/src/rp2_common/hardware_pio/pio.c.o
 .bss._vendord_itf
                0x20001f20      0x2cc CMakeFiles/atv.dir/Users/dorivaldojunior/.pico-sdk/sdk/2.1.0/lib/tinyusb/src/class/vendor/vendor_device.c.o
 .bss.boot2_copyout
                0x200021ec      0x100 CMakeFiles/atv.dir/Users/dorivaldojunior/.pico-sdk/sdk/2.1.0/src/rp2_common/hardware_flash/flash.c.o
 .bss.callbacks
                0x200022ec        0x8 CMakeFiles/atv.dir/Users/dorivaldojunior/.pico-sdk/sdk/2.1.0/src/rp2_common/hardware_gpio/gpio.c.o
 .bss.chars_available_callback
                0x200022f4        0x4 CMakeFiles/atv.dir/Users/dorivaldojunior/.pico-sdk/sdk/2.1.0/src/rp2_common/pico_stdio_uart/stdio_uart.c.o
 .bss.chars_available_callback
                0x200022f8        0x4 CMakeFiles/atv.dir/Users/dorivaldojunior/.pico-sdk/sdk/2.1.0/src/rp2_common/pico_stdio_usb/stdio_usb.c.o
 .bss.chars_available_param
                0x200022fc        0x4 CMakeFiles/atv.dir/Users/dorivaldojunior/.pico-sdk/sdk/2.1.0/src/rp2_common/pico_stdio_uart/stdio_uart.c.o
 .bss.chars_available_param
                0x20002300        0x4 CMakeFiles/atv.dir/Users/dorivaldojunior/.pico-sdk/sdk/2.1.0/src/rp2_common/pico_stdio_usb/stdio_usb.c.o
 .bss.claimed   0x20002304        0x4 CMakeFiles/atv.dir/Users/dorivaldojunior/.pico-sdk/sdk/2.1.0/src/rp2_common/hardware_sync/sync.c.o
 .bss.claimed   0x20002308        0x1 CMakeFiles/atv.dir/Users/dorivaldojunior/.pico-sdk/sdk/2.1.0/src/rp2_common/hardware_timer/timer.c.o
 *fill*         0x20002309        0x3 
 .bss.claimed   0x2000230c        0x1 CMakeFiles/atv.dir/Users/dorivaldojunior/.pico-sdk/sdk/2.1.0/src/rp2_common/hardware_pio/pio.c.o
 *fill*         0x2000230d        0x3 
 .bss.configured_freq
                0x20002310       0x28 CMakeFiles/atv.dir/Users/dorivaldojunior/.pico-sdk/sdk/2.1.0/src/rp2_common/hardware_clocks/clocks.c.o
 .bss.contador  0x20002338        0x4 CMakeFiles/atv.dir/atv.c.o
                0x20002338                contador
 .bss.desc_str.0
                0x2000233c       0x28 CMakeFiles/atv.dir/Users/dorivaldojunior/.pico-sdk/sdk/2.1.0/src/rp2_common/pico_stdio_usb/stdio_usb_descriptors.c.o
 .bss.drivers   0x20002364        0x4 CMakeFiles/atv.dir/Users/dorivaldojunior/.pico-sdk/sdk/2.1.0/src/rp2_common/pico_stdio/stdio.c.o
 .bss.e15_last_sof
                0x20002368        0x4 CMakeFiles/atv.dir/Users/dorivaldojunior/.pico-sdk/sdk/2.1.0/lib/tinyusb/src/portable/raspberrypi/rp2040/rp2040_usb.c.o
                0x20002368                e15_last_sof
 .bss.filter    0x2000236c        0x4 CMakeFiles/atv.dir/Users/dorivaldojunior/.pico-sdk/sdk/2.1.0/src/rp2_common/pico_stdio/stdio.c.o
 .bss.hw_endpoints
                0x20002370      0x400 CMakeFiles/atv.dir/Users/dorivaldojunior/.pico-sdk/sdk/2.1.0/lib/tinyusb/src/portable/raspberrypi/rp2040/dcd_rp2040.c.o
 .bss.last_time_A
                0x20002770        0x4 CMakeFiles/atv.dir/atv.c.o
                0x20002770                last_time_A
 .bss.last_time_B
                0x20002774        0x4 CMakeFiles/atv.dir/atv.c.o
                0x20002774                last_time_B
 .bss.lazy_vsnprintf
                0x20002778        0x4 CMakeFiles/atv.dir/Users/dorivaldojunior/.pico-sdk/sdk/2.1.0/src/rp2_common/pico_printf/printf.c.o
 .bss.load_value
                0x2000277c        0x4 CMakeFiles/atv.dir/Users/dorivaldojunior/.pico-sdk/sdk/2.1.0/src/rp2_common/hardware_watchdog/watchdog.c.o
 .bss.next_buffer_ptr
                0x20002780        0x4 CMakeFiles/atv.dir/Users/dorivaldojunior/.pico-sdk/sdk/2.1.0/lib/tinyusb/src/portable/raspberrypi/rp2040/dcd_rp2040.c.o
 .bss.object.0  0x20002784       0x18 /Users/dorivaldojunior/.pico-sdk/toolchain/13_3_Rel1/bin/../lib/gcc/arm-none-eabi/13.3.1/thumb/v6-m/nofp/crtbegin.o
 .bss.one_shot_timer_crit_sec
                0x2000279c        0x8 CMakeFiles/atv.dir/Users/dorivaldojunior/.pico-sdk/sdk/2.1.0/src/rp2_common/pico_stdio_usb/stdio_usb.c.o
 .bss.pools     0x200027a4       0x10 CMakeFiles/atv.dir/Users/dorivaldojunior/.pico-sdk/sdk/2.1.0/src/common/pico_time/time.c.o
 .bss.raw_irq_mask
                0x200027b4        0x8 CMakeFiles/atv.dir/Users/dorivaldojunior/.pico-sdk/sdk/2.1.0/src/rp2_common/hardware_gpio/gpio.c.o
 .bss.retrieved_id
                0x200027bc        0x8 CMakeFiles/atv.dir/Users/dorivaldojunior/.pico-sdk/sdk/2.1.0/src/rp2_common/pico_unique_id/unique_id.c.o
 .bss.sf_clz_func
                0x200027c4        0x4 CMakeFiles/atv.dir/Users/dorivaldojunior/.pico-sdk/sdk/2.1.0/src/rp2_common/pico_double/double_init_rom_rp2040.c.o
                0x200027c4                sf_clz_func
 .bss.sf_table  0x200027c8      0x100 CMakeFiles/atv.dir/Users/dorivaldojunior/.pico-sdk/sdk/2.1.0/src/rp2_common/pico_float/float_init_rom_rp2040.c.o
                0x200027c8                sf_table
 .bss.sleep_notifier
                0x200028c8        0x4 CMakeFiles/atv.dir/Users/dorivaldojunior/.pico-sdk/sdk/2.1.0/src/common/pico_time/time.c.o
 .bss.stdio_usb_mutex
                0x200028cc        0x8 CMakeFiles/atv.dir/Users/dorivaldojunior/.pico-sdk/sdk/2.1.0/src/rp2_common/pico_stdio_usb/stdio_usb.c.o
 .bss.uart_char_to_line_feed
                0x200028d4        0x4 CMakeFiles/atv.dir/Users/dorivaldojunior/.pico-sdk/sdk/2.1.0/src/rp2_common/hardware_uart/uart.c.o
                0x200028d4                uart_char_to_line_feed
 .bss.uart_instance
                0x200028d8        0x4 CMakeFiles/atv.dir/Users/dorivaldojunior/.pico-sdk/sdk/2.1.0/src/rp2_common/pico_stdio_uart/stdio_uart.c.o
 .bss.usbd_serial_str
                0x200028dc       0x11 CMakeFiles/atv.dir/Users/dorivaldojunior/.pico-sdk/sdk/2.1.0/src/rp2_common/pico_stdio_usb/stdio_usb_descriptors.c.o
 .bss._app_driver_count
                0x200028ed        0x1 CMakeFiles/atv.dir/Users/dorivaldojunior/.pico-sdk/sdk/2.1.0/lib/tinyusb/src/device/usbd.c.o
 .bss._sof_enable
                0x200028ee        0x1 CMakeFiles/atv.dir/Users/dorivaldojunior/.pico-sdk/sdk/2.1.0/lib/tinyusb/src/portable/raspberrypi/rp2040/dcd_rp2040.c.o
 .bss._usbd_queued_setup
                0x200028ef        0x1 CMakeFiles/atv.dir/Users/dorivaldojunior/.pico-sdk/sdk/2.1.0/lib/tinyusb/src/device/usbd.c.o
 .bss.boot2_copyout_valid
                0x200028f0        0x1 CMakeFiles/atv.dir/Users/dorivaldojunior/.pico-sdk/sdk/2.1.0/src/rp2_common/hardware_flash/flash.c.o
 .bss.irq_handler_chain_free_slot_head
                0x200028f1        0x1 CMakeFiles/atv.dir/Users/dorivaldojunior/.pico-sdk/sdk/2.1.0/src/rp2_common/hardware_irq/irq.c.o
 .bss.itf_num   0x200028f2        0x1 CMakeFiles/atv.dir/Users/dorivaldojunior/.pico-sdk/sdk/2.1.0/src/rp2_common/pico_stdio_usb/reset_interface.c.o
 .bss.low_priority_irq_num
                0x200028f3        0x1 CMakeFiles/atv.dir/Users/dorivaldojunior/.pico-sdk/sdk/2.1.0/src/rp2_common/pico_stdio_usb/stdio_usb.c.o
 .bss.one_shot_timer_pending
                0x200028f4        0x1 CMakeFiles/atv.dir/Users/dorivaldojunior/.pico-sdk/sdk/2.1.0/src/rp2_common/pico_stdio_usb/stdio_usb.c.o
 .bss.user_irq_claimed
                0x200028f5        0x1 CMakeFiles/atv.dir/Users/dorivaldojunior/.pico-sdk/sdk/2.1.0/src/rp2_common/hardware_irq/irq.c.o
 *(COMMON)
                0x200028f8                        . = ALIGN (0x4)
 *fill*         0x200028f6        0x2 
                0x200028f8                        __bss_end__ = .

.heap           0x200028f8      0x800 load address 0x100070b8
                0x200028f8                        __end__ = .
                0x200028f8                        end = __end__
 *(.heap*)
 .heap          0x200028f8      0x800 CMakeFiles/atv.dir/Users/dorivaldojunior/.pico-sdk/sdk/2.1.0/src/rp2_common/pico_crt0/crt0.S.o
                0x20040000                        __HeapLimit = (ORIGIN (RAM) + LENGTH (RAM))

.scratch_x      0x20040000        0x0 load address 0x100070b8
                0x20040000                        __scratch_x_start__ = .
 *(.scratch_x.*)
                0x20040000                        . = ALIGN (0x4)
                0x20040000                        __scratch_x_end__ = .
                0x100070b8                        __scratch_x_source__ = LOADADDR (.scratch_x)

.scratch_y      0x20041000        0x0 load address 0x100070b8
                0x20041000                        __scratch_y_start__ = .
 *(.scratch_y.*)
                0x20041000                        . = ALIGN (0x4)
                0x20041000                        __scratch_y_end__ = .
                0x100070b8                        __scratch_y_source__ = LOADADDR (.scratch_y)

.stack1_dummy
 *(.stack1*)

.stack_dummy    0x20041000      0x800
 *(.stack*)
 .stack         0x20041000      0x800 CMakeFiles/atv.dir/Users/dorivaldojunior/.pico-sdk/sdk/2.1.0/src/rp2_common/pico_crt0/crt0.S.o

.flash_end      0x100070b8        0x0
 *(.embedded_end_block*)
                0x100070b8                        PROVIDE (__flash_binary_end = .)
                0x20040000                        __StackLimit = (ORIGIN (RAM) + LENGTH (RAM))
                0x20041000                        __StackOneTop = (ORIGIN (SCRATCH_X) + LENGTH (SCRATCH_X))
                0x20042000                        __StackTop = (ORIGIN (SCRATCH_Y) + LENGTH (SCRATCH_Y))
                0x20041000                        __StackOneBottom = (__StackOneTop - SIZEOF (.stack1_dummy))
                0x20041800                        __StackBottom = (__StackTop - SIZEOF (.stack_dummy))
                0x20042000                        PROVIDE (__stack = __StackTop)
                [!provide]                        PROVIDE (__heap_start = __end__)
                [!provide]                        PROVIDE (__heap_end = __HeapLimit)
                [!provide]                        PROVIDE (__tls_align = MAX (ALIGNOF (.tdata), ALIGNOF (.tbss)))
                [!provide]                        PROVIDE (__tls_size_align = (((__tls_size + __tls_align) - 0x1) & ~ ((__tls_align - 0x1))))
                [!provide]                        PROVIDE (__arm32_tls_tcb_offset = MAX (0x8, __tls_align))
                [!provide]                        PROVIDE (_end = __end__)
                [!provide]                        PROVIDE (__llvm_libc_heap_limit = __HeapLimit)
                0x00000001                        ASSERT ((__StackLimit >= __HeapLimit), region RAM overflowed)
                0x00000001                        ASSERT (((__binary_info_header_end - __logical_binary_start) <= 0x100), Binary info must be in first 256 bytes of the binary)
LOAD CMakeFiles/atv.dir/atv.c.o
LOAD CMakeFiles/atv.dir/Users/dorivaldojunior/.pico-sdk/sdk/2.1.0/src/rp2_common/pico_stdlib/stdlib.c.o
LOAD CMakeFiles/atv.dir/Users/dorivaldojunior/.pico-sdk/sdk/2.1.0/src/rp2_common/hardware_gpio/gpio.c.o
LOAD CMakeFiles/atv.dir/Users/dorivaldojunior/.pico-sdk/sdk/2.1.0/src/rp2040/pico_platform/platform.c.o
LOAD CMakeFiles/atv.dir/Users/dorivaldojunior/.pico-sdk/sdk/2.1.0/src/rp2_common/pico_platform_panic/panic.c.o
LOAD CMakeFiles/atv.dir/Users/dorivaldojunior/.pico-sdk/sdk/2.1.0/src/common/hardware_claim/claim.c.o
LOAD CMakeFiles/atv.dir/Users/dorivaldojunior/.pico-sdk/sdk/2.1.0/src/rp2_common/hardware_sync/sync.c.o
LOAD CMakeFiles/atv.dir/Users/dorivaldojunior/.pico-sdk/sdk/2.1.0/src/rp2_common/hardware_sync_spin_lock/sync_spin_lock.c.o
LOAD CMakeFiles/atv.dir/Users/dorivaldojunior/.pico-sdk/sdk/2.1.0/src/rp2_common/hardware_irq/irq.c.o
LOAD CMakeFiles/atv.dir/Users/dorivaldojunior/.pico-sdk/sdk/2.1.0/src/rp2_common/hardware_irq/irq_handler_chain.S.o
LOAD CMakeFiles/atv.dir/Users/dorivaldojunior/.pico-sdk/sdk/2.1.0/src/common/pico_sync/sem.c.o
LOAD CMakeFiles/atv.dir/Users/dorivaldojunior/.pico-sdk/sdk/2.1.0/src/common/pico_sync/lock_core.c.o
LOAD CMakeFiles/atv.dir/Users/dorivaldojunior/.pico-sdk/sdk/2.1.0/src/common/pico_sync/mutex.c.o
LOAD CMakeFiles/atv.dir/Users/dorivaldojunior/.pico-sdk/sdk/2.1.0/src/common/pico_sync/critical_section.c.o
LOAD CMakeFiles/atv.dir/Users/dorivaldojunior/.pico-sdk/sdk/2.1.0/src/common/pico_time/time.c.o
LOAD CMakeFiles/atv.dir/Users/dorivaldojunior/.pico-sdk/sdk/2.1.0/src/common/pico_time/timeout_helper.c.o
LOAD CMakeFiles/atv.dir/Users/dorivaldojunior/.pico-sdk/sdk/2.1.0/src/rp2_common/hardware_timer/timer.c.o
LOAD CMakeFiles/atv.dir/Users/dorivaldojunior/.pico-sdk/sdk/2.1.0/src/common/pico_util/datetime.c.o
LOAD CMakeFiles/atv.dir/Users/dorivaldojunior/.pico-sdk/sdk/2.1.0/src/common/pico_util/pheap.c.o
LOAD CMakeFiles/atv.dir/Users/dorivaldojunior/.pico-sdk/sdk/2.1.0/src/common/pico_util/queue.c.o
LOAD CMakeFiles/atv.dir/Users/dorivaldojunior/.pico-sdk/sdk/2.1.0/src/rp2_common/hardware_uart/uart.c.o
LOAD CMakeFiles/atv.dir/Users/dorivaldojunior/.pico-sdk/sdk/2.1.0/src/rp2_common/hardware_clocks/clocks.c.o
LOAD CMakeFiles/atv.dir/Users/dorivaldojunior/.pico-sdk/sdk/2.1.0/src/rp2_common/hardware_pll/pll.c.o
LOAD CMakeFiles/atv.dir/Users/dorivaldojunior/.pico-sdk/sdk/2.1.0/src/rp2_common/hardware_vreg/vreg.c.o
LOAD CMakeFiles/atv.dir/Users/dorivaldojunior/.pico-sdk/sdk/2.1.0/src/rp2_common/hardware_watchdog/watchdog.c.o
LOAD CMakeFiles/atv.dir/Users/dorivaldojunior/.pico-sdk/sdk/2.1.0/src/rp2_common/hardware_ticks/ticks.c.o
LOAD CMakeFiles/atv.dir/Users/dorivaldojunior/.pico-sdk/sdk/2.1.0/src/rp2_common/pico_bootrom/bootrom.c.o
LOAD CMakeFiles/atv.dir/Users/dorivaldojunior/.pico-sdk/sdk/2.1.0/src/rp2_common/pico_bootrom/bootrom_lock.c.o
LOAD CMakeFiles/atv.dir/Users/dorivaldojunior/.pico-sdk/sdk/2.1.0/src/rp2_common/hardware_boot_lock/boot_lock.c.o
LOAD CMakeFiles/atv.dir/Users/dorivaldojunior/.pico-sdk/sdk/2.1.0/src/rp2_common/pico_flash/flash.c.o
LOAD CMakeFiles/atv.dir/Users/dorivaldojunior/.pico-sdk/sdk/2.1.0/src/rp2_common/hardware_xosc/xosc.c.o
LOAD CMakeFiles/atv.dir/Users/dorivaldojunior/.pico-sdk/sdk/2.1.0/src/rp2_common/hardware_divider/divider.S.o
LOAD CMakeFiles/atv.dir/Users/dorivaldojunior/.pico-sdk/sdk/2.1.0/src/rp2_common/pico_runtime/runtime.c.o
LOAD CMakeFiles/atv.dir/Users/dorivaldojunior/.pico-sdk/sdk/2.1.0/src/rp2_common/pico_runtime_init/runtime_init.c.o
LOAD CMakeFiles/atv.dir/Users/dorivaldojunior/.pico-sdk/sdk/2.1.0/src/rp2_common/pico_runtime_init/runtime_init_clocks.c.o
LOAD CMakeFiles/atv.dir/Users/dorivaldojunior/.pico-sdk/sdk/2.1.0/src/rp2_common/pico_runtime_init/runtime_init_stack_guard.c.o
LOAD CMakeFiles/atv.dir/Users/dorivaldojunior/.pico-sdk/sdk/2.1.0/src/rp2_common/pico_bit_ops/bit_ops_aeabi.S.o
LOAD CMakeFiles/atv.dir/Users/dorivaldojunior/.pico-sdk/sdk/2.1.0/src/rp2_common/pico_divider/divider_hardware.S.o
LOAD CMakeFiles/atv.dir/Users/dorivaldojunior/.pico-sdk/sdk/2.1.0/src/rp2_common/pico_double/double_aeabi_rp2040.S.o